Analysis & Synthesis report for DE1_SOC
Mon Feb 27 00:58:16 2023
Quartus Prime Version 20.1.1 Build 720 11/11/2020 SJ Lite Edition


---------------------
; Table of Contents ;
---------------------
  1. Legal Notice
  2. Analysis & Synthesis Summary
  3. Analysis & Synthesis Settings
  4. Parallel Compilation
  5. Analysis & Synthesis Source Files Read
  6. Analysis & Synthesis Resource Usage Summary
  7. Analysis & Synthesis Resource Utilization by Entity
  8. General Register Statistics
  9. Parameter Settings for User Entity Instance: mux4bit_2to1:M
 10. Port Connectivity Checks: "mux4bit_2to1:M"
 11. Post-Synthesis Netlist Statistics for Top Partition
 12. Elapsed Time Per Partition
 13. Analysis & Synthesis Messages



----------------
; Legal Notice ;
----------------
Copyright (C) 2020  Intel Corporation. All rights reserved.
Your use of Intel Corporation's design tools, logic functions 
and other software and tools, and any partner logic 
functions, and any output files from any of the foregoing 
(including device programming or simulation files), and any 
associated documentation or information are expressly subject 
to the terms and conditions of the Intel Program License 
Subscription Agreement, the Intel Quartus Prime License Agreement,
the Intel FPGA IP License Agreement, or other applicable license
agreement, including, without limitation, that your use is for
the sole purpose of programming logic devices manufactured by
Intel and sold by Intel or its authorized distributors.  Please
refer to the applicable agreement for further details, at
https://fpgasoftware.intel.com/eula.



+-------------------------------------------------------------------------------+
; Analysis & Synthesis Summary                                                  ;
+---------------------------------+---------------------------------------------+
; Analysis & Synthesis Status     ; Successful - Mon Feb 27 00:58:16 2023       ;
; Quartus Prime Version           ; 20.1.1 Build 720 11/11/2020 SJ Lite Edition ;
; Revision Name                   ; DE1_SOC                                     ;
; Top-level Entity Name           ; DE1_SOC                                     ;
; Family                          ; Cyclone V                                   ;
; Logic utilization (in ALMs)     ; N/A                                         ;
; Total registers                 ; 0                                           ;
; Total pins                      ; 204                                         ;
; Total virtual pins              ; 0                                           ;
; Total block memory bits         ; 0                                           ;
; Total DSP Blocks                ; 0                                           ;
; Total HSSI RX PCSs              ; 0                                           ;
; Total HSSI PMA RX Deserializers ; 0                                           ;
; Total HSSI TX PCSs              ; 0                                           ;
; Total HSSI PMA TX Serializers   ; 0                                           ;
; Total PLLs                      ; 0                                           ;
; Total DLLs                      ; 0                                           ;
+---------------------------------+---------------------------------------------+


+---------------------------------------------------------------------------------------------------------------------------+
; Analysis & Synthesis Settings                                                                                             ;
+---------------------------------------------------------------------------------+--------------------+--------------------+
; Option                                                                          ; Setting            ; Default Value      ;
+---------------------------------------------------------------------------------+--------------------+--------------------+
; Device                                                                          ; 5CSEMA5F31C6       ;                    ;
; Top-level entity name                                                           ; DE1_SOC            ; DE1_SOC            ;
; Family name                                                                     ; Cyclone V          ; Cyclone V          ;
; Use smart compilation                                                           ; Off                ; Off                ;
; Enable parallel Assembler and Timing Analyzer during compilation                ; On                 ; On                 ;
; Enable compact report table                                                     ; Off                ; Off                ;
; Restructure Multiplexers                                                        ; Auto               ; Auto               ;
; MLAB Add Timing Constraints For Mixed-Port Feed-Through Mode Setting Don't Care ; Off                ; Off                ;
; Create Debugging Nodes for IP Cores                                             ; Off                ; Off                ;
; Preserve fewer node names                                                       ; On                 ; On                 ;
; Intel FPGA IP Evaluation Mode                                                   ; Enable             ; Enable             ;
; Verilog Version                                                                 ; Verilog_2001       ; Verilog_2001       ;
; VHDL Version                                                                    ; VHDL_1993          ; VHDL_1993          ;
; State Machine Processing                                                        ; Auto               ; Auto               ;
; Safe State Machine                                                              ; Off                ; Off                ;
; Extract Verilog State Machines                                                  ; On                 ; On                 ;
; Extract VHDL State Machines                                                     ; On                 ; On                 ;
; Ignore Verilog initial constructs                                               ; Off                ; Off                ;
; Iteration limit for constant Verilog loops                                      ; 5000               ; 5000               ;
; Iteration limit for non-constant Verilog loops                                  ; 250                ; 250                ;
; Add Pass-Through Logic to Inferred RAMs                                         ; On                 ; On                 ;
; Infer RAMs from Raw Logic                                                       ; On                 ; On                 ;
; Parallel Synthesis                                                              ; On                 ; On                 ;
; DSP Block Balancing                                                             ; Auto               ; Auto               ;
; NOT Gate Push-Back                                                              ; On                 ; On                 ;
; Power-Up Don't Care                                                             ; On                 ; On                 ;
; Remove Redundant Logic Cells                                                    ; Off                ; Off                ;
; Remove Duplicate Registers                                                      ; On                 ; On                 ;
; Ignore CARRY Buffers                                                            ; Off                ; Off                ;
; Ignore CASCADE Buffers                                                          ; Off                ; Off                ;
; Ignore GLOBAL Buffers                                                           ; Off                ; Off                ;
; Ignore ROW GLOBAL Buffers                                                       ; Off                ; Off                ;
; Ignore LCELL Buffers                                                            ; Off                ; Off                ;
; Ignore SOFT Buffers                                                             ; On                 ; On                 ;
; Limit AHDL Integers to 32 Bits                                                  ; Off                ; Off                ;
; Optimization Technique                                                          ; Balanced           ; Balanced           ;
; Carry Chain Length                                                              ; 70                 ; 70                 ;
; Auto Carry Chains                                                               ; On                 ; On                 ;
; Auto Open-Drain Pins                                                            ; On                 ; On                 ;
; Perform WYSIWYG Primitive Resynthesis                                           ; Off                ; Off                ;
; Auto ROM Replacement                                                            ; On                 ; On                 ;
; Auto RAM Replacement                                                            ; On                 ; On                 ;
; Auto DSP Block Replacement                                                      ; On                 ; On                 ;
; Auto Shift Register Replacement                                                 ; Auto               ; Auto               ;
; Allow Shift Register Merging across Hierarchies                                 ; Auto               ; Auto               ;
; Auto Clock Enable Replacement                                                   ; On                 ; On                 ;
; Strict RAM Replacement                                                          ; Off                ; Off                ;
; Allow Synchronous Control Signals                                               ; On                 ; On                 ;
; Force Use of Synchronous Clear Signals                                          ; Off                ; Off                ;
; Auto Resource Sharing                                                           ; Off                ; Off                ;
; Allow Any RAM Size For Recognition                                              ; Off                ; Off                ;
; Allow Any ROM Size For Recognition                                              ; Off                ; Off                ;
; Allow Any Shift Register Size For Recognition                                   ; Off                ; Off                ;
; Use LogicLock Constraints during Resource Balancing                             ; On                 ; On                 ;
; Ignore translate_off and synthesis_off directives                               ; Off                ; Off                ;
; Timing-Driven Synthesis                                                         ; On                 ; On                 ;
; Report Parameter Settings                                                       ; On                 ; On                 ;
; Report Source Assignments                                                       ; On                 ; On                 ;
; Report Connectivity Checks                                                      ; On                 ; On                 ;
; Ignore Maximum Fan-Out Assignments                                              ; Off                ; Off                ;
; Synchronization Register Chain Length                                           ; 3                  ; 3                  ;
; Power Optimization During Synthesis                                             ; Normal compilation ; Normal compilation ;
; HDL message level                                                               ; Level2             ; Level2             ;
; Suppress Register Optimization Related Messages                                 ; Off                ; Off                ;
; Number of Removed Registers Reported in Synthesis Report                        ; 5000               ; 5000               ;
; Number of Swept Nodes Reported in Synthesis Report                              ; 5000               ; 5000               ;
; Number of Inverted Registers Reported in Synthesis Report                       ; 100                ; 100                ;
; Clock MUX Protection                                                            ; On                 ; On                 ;
; Auto Gated Clock Conversion                                                     ; Off                ; Off                ;
; Block Design Naming                                                             ; Auto               ; Auto               ;
; SDC constraint protection                                                       ; Off                ; Off                ;
; Synthesis Effort                                                                ; Auto               ; Auto               ;
; Shift Register Replacement - Allow Asynchronous Clear Signal                    ; On                 ; On                 ;
; Pre-Mapping Resynthesis Optimization                                            ; Off                ; Off                ;
; Analysis & Synthesis Message Level                                              ; Medium             ; Medium             ;
; Disable Register Merging Across Hierarchies                                     ; Auto               ; Auto               ;
; Resource Aware Inference For Block RAM                                          ; On                 ; On                 ;
; Automatic Parallel Synthesis                                                    ; On                 ; On                 ;
; Partial Reconfiguration Bitstream ID                                            ; Off                ; Off                ;
+---------------------------------------------------------------------------------+--------------------+--------------------+


+------------------------------------------+
; Parallel Compilation                     ;
+----------------------------+-------------+
; Processors                 ; Number      ;
+----------------------------+-------------+
; Number detected on machine ; 4           ;
; Maximum allowed            ; 4           ;
;                            ;             ;
; Average used               ; 1.00        ;
; Maximum used               ; 1           ;
;                            ;             ;
; Usage by Processor         ; % Time Used ;
;     Processor 1            ; 100.0%      ;
+----------------------------+-------------+


+-------------------------------------------------------------------------------------------------------------------------------------+
; Analysis & Synthesis Source Files Read                                                                                              ;
+----------------------------------+-----------------+------------------------------+---------------------------------------+---------+
; File Name with User-Entered Path ; Used in Netlist ; File Type                    ; File Name with Absolute Path          ; Library ;
+----------------------------------+-----------------+------------------------------+---------------------------------------+---------+
; de1_soc.v                        ; yes             ; Auto-Found Verilog HDL File  ; C:/Users/hp/Desktop/DE1_SOC/de1_soc.v ;         ;
+----------------------------------+-----------------+------------------------------+---------------------------------------+---------+


+------------------------------------------------------------------+
; Analysis & Synthesis Resource Usage Summary                      ;
+---------------------------------------------+--------------------+
; Resource                                    ; Usage              ;
+---------------------------------------------+--------------------+
; Estimate of Logic utilization (ALMs needed) ; 0                  ;
;                                             ;                    ;
; Combinational ALUT usage for logic          ; 0                  ;
;     -- 7 input functions                    ; 0                  ;
;     -- 6 input functions                    ; 0                  ;
;     -- 5 input functions                    ; 0                  ;
;     -- 4 input functions                    ; 0                  ;
;     -- <=3 input functions                  ; 0                  ;
;                                             ;                    ;
; Dedicated logic registers                   ; 0                  ;
;                                             ;                    ;
; I/O pins                                    ; 204                ;
;                                             ;                    ;
; Total DSP Blocks                            ; 0                  ;
;                                             ;                    ;
; Maximum fan-out node                        ; AUD_ADCLRCK~output ;
; Maximum fan-out                             ; 1                  ;
; Total fan-out                               ; 264                ;
; Average fan-out                             ; 0.56               ;
+---------------------------------------------+--------------------+


+----------------------------------------------------------------------------------------------------------------------------------------------------------------------------------------+
; Analysis & Synthesis Resource Utilization by Entity                                                                                                                                    ;
+----------------------------+---------------------+---------------------------+-------------------+------------+------+--------------+---------------------+-------------+--------------+
; Compilation Hierarchy Node ; Combinational ALUTs ; Dedicated Logic Registers ; Block Memory Bits ; DSP Blocks ; Pins ; Virtual Pins ; Full Hierarchy Name ; Entity Name ; Library Name ;
+----------------------------+---------------------+---------------------------+-------------------+------------+------+--------------+---------------------+-------------+--------------+
; |DE1_SOC                   ; 0 (0)               ; 0 (0)                     ; 0                 ; 0          ; 204  ; 0            ; |DE1_SOC            ; DE1_SOC     ; work         ;
+----------------------------+---------------------+---------------------------+-------------------+------------+------+--------------+---------------------+-------------+--------------+
Note: For table entries with two numbers listed, the numbers in parentheses indicate the number of resources of the given type used by the specific entity alone. The numbers listed outside of parentheses indicate the total resources of the given type used by the specific entity and all of its sub-entities in the hierarchy.


+------------------------------------------------------+
; General Register Statistics                          ;
+----------------------------------------------+-------+
; Statistic                                    ; Value ;
+----------------------------------------------+-------+
; Total registers                              ; 0     ;
; Number of registers using Synchronous Clear  ; 0     ;
; Number of registers using Synchronous Load   ; 0     ;
; Number of registers using Asynchronous Clear ; 0     ;
; Number of registers using Asynchronous Load  ; 0     ;
; Number of registers using Clock Enable       ; 0     ;
; Number of registers using Preset             ; 0     ;
+----------------------------------------------+-------+


+-------------------------------------------------------------+
; Parameter Settings for User Entity Instance: mux4bit_2to1:M ;
+----------------+-------+------------------------------------+
; Parameter Name ; Value ; Type                               ;
+----------------+-------+------------------------------------+
; n              ; 4     ; Signed Integer                     ;
+----------------+-------+------------------------------------+
Note: In order to hide this table in the UI and the text report file, please set the "Show Parameter Settings in Synthesis Report" option in "Analysis and Synthesis Settings -> More Settings" to "Off".


+------------------------------------------------------------------------------------------------------------------------------------------------------------------------+
; Port Connectivity Checks: "mux4bit_2to1:M"                                                                                                                             ;
+------+--------+----------+---------------------------------------------------------------------------------------------------------------------------------------------+
; Port ; Type   ; Severity ; Details                                                                                                                                     ;
+------+--------+----------+---------------------------------------------------------------------------------------------------------------------------------------------+
; inA  ; Input  ; Warning  ; Input port expression (1 bits) is smaller than the input port (4 bits) it drives.  Extra input bit(s) "inA[3..1]" will be connected to GND. ;
; inB  ; Input  ; Warning  ; Input port expression (1 bits) is smaller than the input port (4 bits) it drives.  Extra input bit(s) "inB[3..1]" will be connected to GND. ;
; out  ; Output ; Warning  ; Output or bidir port (4 bits) is wider than the port expression (1 bits) it drives; bit(s) "out[3..1]" have no fanouts                      ;
; out  ; Output ; Info     ; Connected to dangling logic. Logic that only feeds a dangling port will be removed.                                                         ;
+------+--------+----------+---------------------------------------------------------------------------------------------------------------------------------------------+


+-----------------------------------------------------+
; Post-Synthesis Netlist Statistics for Top Partition ;
+-----------------------+-----------------------------+
; Type                  ; Count                       ;
+-----------------------+-----------------------------+
; arriav_io_obuf        ; 60                          ;
; arriav_lcell_comb     ; 2                           ;
;     normal            ; 2                           ;
;         0 data inputs ; 2                           ;
; boundary_port         ; 204                         ;
;                       ;                             ;
; Max LUT depth         ; 0.00                        ;
; Average LUT depth     ; 0.00                        ;
+-----------------------+-----------------------------+


+-------------------------------+
; Elapsed Time Per Partition    ;
+----------------+--------------+
; Partition Name ; Elapsed Time ;
+----------------+--------------+
; Top            ; 00:00:00     ;
+----------------+--------------+


+-------------------------------+
; Analysis & Synthesis Messages ;
+-------------------------------+
Info: *******************************************************************
Info: Running Quartus Prime Analysis & Synthesis
    Info: Version 20.1.1 Build 720 11/11/2020 SJ Lite Edition
    Info: Processing started: Mon Feb 27 00:57:38 2023
Info: Command: quartus_map --read_settings_files=on --write_settings_files=off DE1_SOC -c DE1_SOC
Warning (18236): Number of processors has not been specified which may cause overloading on shared machines.  Set the global assignment NUM_PARALLEL_PROCESSORS in your QSF to an appropriate value for best performance.
Info (20030): Parallel compilation is enabled and will use 4 of the 4 processors detected
Warning (12125): Using design file de1_soc.v, which is not specified as a design file for the current project, but contains definitions for 2 design units and 2 entities in project
    Info (12023): Found entity 1: DE1_SOC File: C:/Users/hp/Desktop/DE1_SOC/de1_soc.v Line: 6
    Info (12023): Found entity 2: mux4bit_2to1 File: C:/Users/hp/Desktop/DE1_SOC/de1_soc.v Line: 116
Warning (10236): Verilog HDL Implicit Net warning at de1_soc.v(107): created implicit net for "inA" File: C:/Users/hp/Desktop/DE1_SOC/de1_soc.v Line: 107
Warning (10236): Verilog HDL Implicit Net warning at de1_soc.v(108): created implicit net for "inB" File: C:/Users/hp/Desktop/DE1_SOC/de1_soc.v Line: 108
Warning (10236): Verilog HDL Implicit Net warning at de1_soc.v(109): created implicit net for "s" File: C:/Users/hp/Desktop/DE1_SOC/de1_soc.v Line: 109
Warning (10236): Verilog HDL Implicit Net warning at de1_soc.v(110): created implicit net for "out" File: C:/Users/hp/Desktop/DE1_SOC/de1_soc.v Line: 110
Info (12127): Elaborating entity "DE1_SOC" for the top level hierarchy
Warning (10230): Verilog HDL assignment warning at de1_soc.v(107): truncated value with size 4 to match size of target (1) File: C:/Users/hp/Desktop/DE1_SOC/de1_soc.v Line: 107
Warning (10230): Verilog HDL assignment warning at de1_soc.v(108): truncated value with size 4 to match size of target (1) File: C:/Users/hp/Desktop/DE1_SOC/de1_soc.v Line: 108
Warning (10230): Verilog HDL assignment warning at de1_soc.v(110): truncated value with size 4 to match size of target (1) File: C:/Users/hp/Desktop/DE1_SOC/de1_soc.v Line: 110
Warning (10030): Net "LEDR[0]" at de1_soc.v(61) has no driver or initial value, using a default initial value '0' File: C:/Users/hp/Desktop/DE1_SOC/de1_soc.v Line: 61
Warning (10034): Output port "DRAM_ADDR" at de1_soc.v(29) has no driver File: C:/Users/hp/Desktop/DE1_SOC/de1_soc.v Line: 29
Warning (10034): Output port "DRAM_BA" at de1_soc.v(30) has no driver File: C:/Users/hp/Desktop/DE1_SOC/de1_soc.v Line: 30
Warning (10034): Output port "LEDR[9..1]" at de1_soc.v(61) has no driver File: C:/Users/hp/Desktop/DE1_SOC/de1_soc.v Line: 61
Warning (10034): Output port "VGA_B" at de1_soc.v(81) has no driver File: C:/Users/hp/Desktop/DE1_SOC/de1_soc.v Line: 81
Warning (10034): Output port "VGA_G" at de1_soc.v(83) has no driver File: C:/Users/hp/Desktop/DE1_SOC/de1_soc.v Line: 83
Warning (10034): Output port "VGA_R" at de1_soc.v(85) has no driver File: C:/Users/hp/Desktop/DE1_SOC/de1_soc.v Line: 85
Warning (10034): Output port "ADC_CONVST" at de1_soc.v(9) has no driver File: C:/Users/hp/Desktop/DE1_SOC/de1_soc.v Line: 9
Warning (10034): Output port "ADC_DIN" at de1_soc.v(10) has no driver File: C:/Users/hp/Desktop/DE1_SOC/de1_soc.v Line: 10
Warning (10034): Output port "ADC_SCLK" at de1_soc.v(12) has no driver File: C:/Users/hp/Desktop/DE1_SOC/de1_soc.v Line: 12
Warning (10034): Output port "AUD_DACDAT" at de1_soc.v(18) has no driver File: C:/Users/hp/Desktop/DE1_SOC/de1_soc.v Line: 18
Warning (10034): Output port "AUD_XCK" at de1_soc.v(20) has no driver File: C:/Users/hp/Desktop/DE1_SOC/de1_soc.v Line: 20
Warning (10034): Output port "DRAM_CAS_N" at de1_soc.v(31) has no driver File: C:/Users/hp/Desktop/DE1_SOC/de1_soc.v Line: 31
Warning (10034): Output port "DRAM_CKE" at de1_soc.v(32) has no driver File: C:/Users/hp/Desktop/DE1_SOC/de1_soc.v Line: 32
Warning (10034): Output port "DRAM_CLK" at de1_soc.v(33) has no driver File: C:/Users/hp/Desktop/DE1_SOC/de1_soc.v Line: 33
Warning (10034): Output port "DRAM_CS_N" at de1_soc.v(34) has no driver File: C:/Users/hp/Desktop/DE1_SOC/de1_soc.v Line: 34
Warning (10034): Output port "DRAM_LDQM" at de1_soc.v(36) has no driver File: C:/Users/hp/Desktop/DE1_SOC/de1_soc.v Line: 36
Warning (10034): Output port "DRAM_RAS_N" at de1_soc.v(37) has no driver File: C:/Users/hp/Desktop/DE1_SOC/de1_soc.v Line: 37
Warning (10034): Output port "DRAM_UDQM" at de1_soc.v(38) has no driver File: C:/Users/hp/Desktop/DE1_SOC/de1_soc.v Line: 38
Warning (10034): Output port "DRAM_WE_N" at de1_soc.v(39) has no driver File: C:/Users/hp/Desktop/DE1_SOC/de1_soc.v Line: 39
Warning (10034): Output port "FPGA_I2C_SCLK" at de1_soc.v(42) has no driver File: C:/Users/hp/Desktop/DE1_SOC/de1_soc.v Line: 42
Warning (10034): Output port "IRDA_TXD" at de1_soc.v(55) has no driver File: C:/Users/hp/Desktop/DE1_SOC/de1_soc.v Line: 55
Warning (10034): Output port "TD_RESET_N" at de1_soc.v(76) has no driver File: C:/Users/hp/Desktop/DE1_SOC/de1_soc.v Line: 76
Warning (10034): Output port "VGA_BLANK_N" at de1_soc.v(80) has no driver File: C:/Users/hp/Desktop/DE1_SOC/de1_soc.v Line: 80
Warning (10034): Output port "VGA_CLK" at de1_soc.v(82) has no driver File: C:/Users/hp/Desktop/DE1_SOC/de1_soc.v Line: 82
Warning (10034): Output port "VGA_HS" at de1_soc.v(84) has no driver File: C:/Users/hp/Desktop/DE1_SOC/de1_soc.v Line: 84
Warning (10034): Output port "VGA_SYNC_N" at de1_soc.v(86) has no driver File: C:/Users/hp/Desktop/DE1_SOC/de1_soc.v Line: 86
Warning (10034): Output port "VGA_VS" at de1_soc.v(87) has no driver File: C:/Users/hp/Desktop/DE1_SOC/de1_soc.v Line: 87
Info (12128): Elaborating entity "mux4bit_2to1" for hierarchy "mux4bit_2to1:M" File: C:/Users/hp/Desktop/DE1_SOC/de1_soc.v Line: 112
Warning (12241): 1 hierarchies have connectivity warnings - see the Connectivity Checks report folder
Warning (13039): The following bidirectional pins have no drivers
    Warning (13040): bidirectional pin "AUD_ADCLRCK" has no driver File: C:/Users/hp/Desktop/DE1_SOC/de1_soc.v Line: 16
    Warning (13040): bidirectional pin "AUD_BCLK" has no driver File: C:/Users/hp/Desktop/DE1_SOC/de1_soc.v Line: 17
    Warning (13040): bidirectional pin "AUD_DACLRCK" has no driver File: C:/Users/hp/Desktop/DE1_SOC/de1_soc.v Line: 19
    Warning (13040): bidirectional pin "DRAM_DQ[0]" has no driver File: C:/Users/hp/Desktop/DE1_SOC/de1_soc.v Line: 35
    Warning (13040): bidirectional pin "DRAM_DQ[1]" has no driver File: C:/Users/hp/Desktop/DE1_SOC/de1_soc.v Line: 35
    Warning (13040): bidirectional pin "DRAM_DQ[2]" has no driver File: C:/Users/hp/Desktop/DE1_SOC/de1_soc.v Line: 35
    Warning (13040): bidirectional pin "DRAM_DQ[3]" has no driver File: C:/Users/hp/Desktop/DE1_SOC/de1_soc.v Line: 35
    Warning (13040): bidirectional pin "DRAM_DQ[4]" has no driver File: C:/Users/hp/Desktop/DE1_SOC/de1_soc.v Line: 35
    Warning (13040): bidirectional pin "DRAM_DQ[5]" has no driver File: C:/Users/hp/Desktop/DE1_SOC/de1_soc.v Line: 35
    Warning (13040): bidirectional pin "DRAM_DQ[6]" has no driver File: C:/Users/hp/Desktop/DE1_SOC/de1_soc.v Line: 35
    Warning (13040): bidirectional pin "DRAM_DQ[7]" has no driver File: C:/Users/hp/Desktop/DE1_SOC/de1_soc.v Line: 35
    Warning (13040): bidirectional pin "DRAM_DQ[8]" has no driver File: C:/Users/hp/Desktop/DE1_SOC/de1_soc.v Line: 35
    Warning (13040): bidirectional pin "DRAM_DQ[9]" has no driver File: C:/Users/hp/Desktop/DE1_SOC/de1_soc.v Line: 35
    Warning (13040): bidirectional pin "DRAM_DQ[10]" has no driver File: C:/Users/hp/Desktop/DE1_SOC/de1_soc.v Line: 35
    Warning (13040): bidirectional pin "DRAM_DQ[11]" has no driver File: C:/Users/hp/Desktop/DE1_SOC/de1_soc.v Line: 35
    Warning (13040): bidirectional pin "DRAM_DQ[12]" has no driver File: C:/Users/hp/Desktop/DE1_SOC/de1_soc.v Line: 35
    Warning (13040): bidirectional pin "DRAM_DQ[13]" has no driver File: C:/Users/hp/Desktop/DE1_SOC/de1_soc.v Line: 35
    Warning (13040): bidirectional pin "DRAM_DQ[14]" has no driver File: C:/Users/hp/Desktop/DE1_SOC/de1_soc.v Line: 35
    Warning (13040): bidirectional pin "DRAM_DQ[15]" has no driver File: C:/Users/hp/Desktop/DE1_SOC/de1_soc.v Line: 35
    Warning (13040): bidirectional pin "FPGA_I2C_SDAT" has no driver File: C:/Users/hp/Desktop/DE1_SOC/de1_soc.v Line: 43
    Warning (13040): bidirectional pin "PS2_CLK" has no driver File: C:/Users/hp/Desktop/DE1_SOC/de1_soc.v Line: 64
    Warning (13040): bidirectional pin "PS2_CLK2" has no driver File: C:/Users/hp/Desktop/DE1_SOC/de1_soc.v Line: 65
    Warning (13040): bidirectional pin "PS2_DAT" has no driver File: C:/Users/hp/Desktop/DE1_SOC/de1_soc.v Line: 66
    Warning (13040): bidirectional pin "PS2_DAT2" has no driver File: C:/Users/hp/Desktop/DE1_SOC/de1_soc.v Line: 67
    Warning (13040): bidirectional pin "GPIO[0]" has no driver File: C:/Users/hp/Desktop/DE1_SOC/de1_soc.v Line: 91
    Warning (13040): bidirectional pin "GPIO[1]" has no driver File: C:/Users/hp/Desktop/DE1_SOC/de1_soc.v Line: 91
    Warning (13040): bidirectional pin "GPIO[2]" has no driver File: C:/Users/hp/Desktop/DE1_SOC/de1_soc.v Line: 91
    Warning (13040): bidirectional pin "GPIO[3]" has no driver File: C:/Users/hp/Desktop/DE1_SOC/de1_soc.v Line: 91
    Warning (13040): bidirectional pin "GPIO[4]" has no driver File: C:/Users/hp/Desktop/DE1_SOC/de1_soc.v Line: 91
    Warning (13040): bidirectional pin "GPIO[5]" has no driver File: C:/Users/hp/Desktop/DE1_SOC/de1_soc.v Line: 91
    Warning (13040): bidirectional pin "GPIO[6]" has no driver File: C:/Users/hp/Desktop/DE1_SOC/de1_soc.v Line: 91
    Warning (13040): bidirectional pin "GPIO[7]" has no driver File: C:/Users/hp/Desktop/DE1_SOC/de1_soc.v Line: 91
    Warning (13040): bidirectional pin "GPIO[8]" has no driver File: C:/Users/hp/Desktop/DE1_SOC/de1_soc.v Line: 91
    Warning (13040): bidirectional pin "GPIO[9]" has no driver File: C:/Users/hp/Desktop/DE1_SOC/de1_soc.v Line: 91
    Warning (13040): bidirectional pin "GPIO[10]" has no driver File: C:/Users/hp/Desktop/DE1_SOC/de1_soc.v Line: 91
    Warning (13040): bidirectional pin "GPIO[11]" has no driver File: C:/Users/hp/Desktop/DE1_SOC/de1_soc.v Line: 91
    Warning (13040): bidirectional pin "GPIO[12]" has no driver File: C:/Users/hp/Desktop/DE1_SOC/de1_soc.v Line: 91
    Warning (13040): bidirectional pin "GPIO[13]" has no driver File: C:/Users/hp/Desktop/DE1_SOC/de1_soc.v Line: 91
    Warning (13040): bidirectional pin "GPIO[14]" has no driver File: C:/Users/hp/Desktop/DE1_SOC/de1_soc.v Line: 91
    Warning (13040): bidirectional pin "GPIO[15]" has no driver File: C:/Users/hp/Desktop/DE1_SOC/de1_soc.v Line: 91
    Warning (13040): bidirectional pin "GPIO[16]" has no driver File: C:/Users/hp/Desktop/DE1_SOC/de1_soc.v Line: 91
    Warning (13040): bidirectional pin "GPIO[17]" has no driver File: C:/Users/hp/Desktop/DE1_SOC/de1_soc.v Line: 91
    Warning (13040): bidirectional pin "GPIO[18]" has no driver File: C:/Users/hp/Desktop/DE1_SOC/de1_soc.v Line: 91
    Warning (13040): bidirectional pin "GPIO[19]" has no driver File: C:/Users/hp/Desktop/DE1_SOC/de1_soc.v Line: 91
    Warning (13040): bidirectional pin "GPIO[20]" has no driver File: C:/Users/hp/Desktop/DE1_SOC/de1_soc.v Line: 91
    Warning (13040): bidirectional pin "GPIO[21]" has no driver File: C:/Users/hp/Desktop/DE1_SOC/de1_soc.v Line: 91
    Warning (13040): bidirectional pin "GPIO[22]" has no driver File: C:/Users/hp/Desktop/DE1_SOC/de1_soc.v Line: 91
    Warning (13040): bidirectional pin "GPIO[23]" has no driver File: C:/Users/hp/Desktop/DE1_SOC/de1_soc.v Line: 91
    Warning (13040): bidirectional pin "GPIO[24]" has no driver File: C:/Users/hp/Desktop/DE1_SOC/de1_soc.v Line: 91
    Warning (13040): bidirectional pin "GPIO[25]" has no driver File: C:/Users/hp/Desktop/DE1_SOC/de1_soc.v Line: 91
    Warning (13040): bidirectional pin "GPIO[26]" has no driver File: C:/Users/hp/Desktop/DE1_SOC/de1_soc.v Line: 91
    Warning (13040): bidirectional pin "GPIO[27]" has no driver File: C:/Users/hp/Desktop/DE1_SOC/de1_soc.v Line: 91
    Warning (13040): bidirectional pin "GPIO[28]" has no driver File: C:/Users/hp/Desktop/DE1_SOC/de1_soc.v Line: 91
    Warning (13040): bidirectional pin "GPIO[29]" has no driver File: C:/Users/hp/Desktop/DE1_SOC/de1_soc.v Line: 91
    Warning (13040): bidirectional pin "GPIO[30]" has no driver File: C:/Users/hp/Desktop/DE1_SOC/de1_soc.v Line: 91
    Warning (13040): bidirectional pin "GPIO[31]" has no driver File: C:/Users/hp/Desktop/DE1_SOC/de1_soc.v Line: 91
    Warning (13040): bidirectional pin "GPIO[32]" has no driver File: C:/Users/hp/Desktop/DE1_SOC/de1_soc.v Line: 91
    Warning (13040): bidirectional pin "GPIO[33]" has no driver File: C:/Users/hp/Desktop/DE1_SOC/de1_soc.v Line: 91
    Warning (13040): bidirectional pin "GPIO[34]" has no driver File: C:/Users/hp/Desktop/DE1_SOC/de1_soc.v Line: 91
    Warning (13040): bidirectional pin "GPIO[35]" has no driver File: C:/Users/hp/Desktop/DE1_SOC/de1_soc.v Line: 91
Warning (13024): Output pins are stuck at VCC or GND
    Warning (13410): Pin "ADC_CONVST" is stuck at GND File: C:/Users/hp/Desktop/DE1_SOC/de1_soc.v Line: 9
    Warning (13410): Pin "ADC_DIN" is stuck at GND File: C:/Users/hp/Desktop/DE1_SOC/de1_soc.v Line: 10
    Warning (13410): Pin "ADC_SCLK" is stuck at GND File: C:/Users/hp/Desktop/DE1_SOC/de1_soc.v Line: 12
    Warning (13410): Pin "AUD_DACDAT" is stuck at GND File: C:/Users/hp/Desktop/DE1_SOC/de1_soc.v Line: 18
    Warning (13410): Pin "AUD_XCK" is stuck at GND File: C:/Users/hp/Desktop/DE1_SOC/de1_soc.v Line: 20
    Warning (13410): Pin "DRAM_ADDR[0]" is stuck at GND File: C:/Users/hp/Desktop/DE1_SOC/de1_soc.v Line: 29
    Warning (13410): Pin "DRAM_ADDR[1]" is stuck at GND File: C:/Users/hp/Desktop/DE1_SOC/de1_soc.v Line: 29
    Warning (13410): Pin "DRAM_ADDR[2]" is stuck at GND File: C:/Users/hp/Desktop/DE1_SOC/de1_soc.v Line: 29
    Warning (13410): Pin "DRAM_ADDR[3]" is stuck at GND File: C:/Users/hp/Desktop/DE1_SOC/de1_soc.v Line: 29
    Warning (13410): Pin "DRAM_ADDR[4]" is stuck at GND File: C:/Users/hp/Desktop/DE1_SOC/de1_soc.v Line: 29
    Warning (13410): Pin "DRAM_ADDR[5]" is stuck at GND File: C:/Users/hp/Desktop/DE1_SOC/de1_soc.v Line: 29
    Warning (13410): Pin "DRAM_ADDR[6]" is stuck at GND File: C:/Users/hp/Desktop/DE1_SOC/de1_soc.v Line: 29
    Warning (13410): Pin "DRAM_ADDR[7]" is stuck at GND File: C:/Users/hp/Desktop/DE1_SOC/de1_soc.v Line: 29
    Warning (13410): Pin "DRAM_ADDR[8]" is stuck at GND File: C:/Users/hp/Desktop/DE1_SOC/de1_soc.v Line: 29
    Warning (13410): Pin "DRAM_ADDR[9]" is stuck at GND File: C:/Users/hp/Desktop/DE1_SOC/de1_soc.v Line: 29
    Warning (13410): Pin "DRAM_ADDR[10]" is stuck at GND File: C:/Users/hp/Desktop/DE1_SOC/de1_soc.v Line: 29
    Warning (13410): Pin "DRAM_ADDR[11]" is stuck at GND File: C:/Users/hp/Desktop/DE1_SOC/de1_soc.v Line: 29
    Warning (13410): Pin "DRAM_ADDR[12]" is stuck at GND File: C:/Users/hp/Desktop/DE1_SOC/de1_soc.v Line: 29
    Warning (13410): Pin "DRAM_BA[0]" is stuck at GND File: C:/Users/hp/Desktop/DE1_SOC/de1_soc.v Line: 30
    Warning (13410): Pin "DRAM_BA[1]" is stuck at GND File: C:/Users/hp/Desktop/DE1_SOC/de1_soc.v Line: 30
    Warning (13410): Pin "DRAM_CAS_N" is stuck at GND File: C:/Users/hp/Desktop/DE1_SOC/de1_soc.v Line: 31
    Warning (13410): Pin "DRAM_CKE" is stuck at GND File: C:/Users/hp/Desktop/DE1_SOC/de1_soc.v Line: 32
    Warning (13410): Pin "DRAM_CLK" is stuck at GND File: C:/Users/hp/Desktop/DE1_SOC/de1_soc.v Line: 33
    Warning (13410): Pin "DRAM_CS_N" is stuck at GND File: C:/Users/hp/Desktop/DE1_SOC/de1_soc.v Line: 34
    Warning (13410): Pin "DRAM_LDQM" is stuck at GND File: C:/Users/hp/Desktop/DE1_SOC/de1_soc.v Line: 36
    Warning (13410): Pin "DRAM_RAS_N" is stuck at GND File: C:/Users/hp/Desktop/DE1_SOC/de1_soc.v Line: 37
    Warning (13410): Pin "DRAM_UDQM" is stuck at GND File: C:/Users/hp/Desktop/DE1_SOC/de1_soc.v Line: 38
    Warning (13410): Pin "DRAM_WE_N" is stuck at GND File: C:/Users/hp/Desktop/DE1_SOC/de1_soc.v Line: 39
    Warning (13410): Pin "FPGA_I2C_SCLK" is stuck at GND File: C:/Users/hp/Desktop/DE1_SOC/de1_soc.v Line: 42
    Warning (13410): Pin "HEX0[0]" is stuck at VCC File: C:/Users/hp/Desktop/DE1_SOC/de1_soc.v Line: 46
    Warning (13410): Pin "HEX0[1]" is stuck at VCC File: C:/Users/hp/Desktop/DE1_SOC/de1_soc.v Line: 46
    Warning (13410): Pin "HEX0[2]" is stuck at VCC File: C:/Users/hp/Desktop/DE1_SOC/de1_soc.v Line: 46
    Warning (13410): Pin "HEX0[3]" is stuck at VCC File: C:/Users/hp/Desktop/DE1_SOC/de1_soc.v Line: 46
    Warning (13410): Pin "HEX0[4]" is stuck at VCC File: C:/Users/hp/Desktop/DE1_SOC/de1_soc.v Line: 46
    Warning (13410): Pin "HEX0[5]" is stuck at VCC File: C:/Users/hp/Desktop/DE1_SOC/de1_soc.v Line: 46
    Warning (13410): Pin "HEX0[6]" is stuck at VCC File: C:/Users/hp/Desktop/DE1_SOC/de1_soc.v Line: 46
    Warning (13410): Pin "HEX1[0]" is stuck at VCC File: C:/Users/hp/Desktop/DE1_SOC/de1_soc.v Line: 47
    Warning (13410): Pin "HEX1[1]" is stuck at VCC File: C:/Users/hp/Desktop/DE1_SOC/de1_soc.v Line: 47
    Warning (13410): Pin "HEX1[2]" is stuck at VCC File: C:/Users/hp/Desktop/DE1_SOC/de1_soc.v Line: 47
    Warning (13410): Pin "HEX1[3]" is stuck at VCC File: C:/Users/hp/Desktop/DE1_SOC/de1_soc.v Line: 47
    Warning (13410): Pin "HEX1[4]" is stuck at VCC File: C:/Users/hp/Desktop/DE1_SOC/de1_soc.v Line: 47
    Warning (13410): Pin "HEX1[5]" is stuck at VCC File: C:/Users/hp/Desktop/DE1_SOC/de1_soc.v Line: 47
    Warning (13410): Pin "HEX1[6]" is stuck at VCC File: C:/Users/hp/Desktop/DE1_SOC/de1_soc.v Line: 47
    Warning (13410): Pin "HEX2[0]" is stuck at VCC File: C:/Users/hp/Desktop/DE1_SOC/de1_soc.v Line: 48
    Warning (13410): Pin "HEX2[1]" is stuck at VCC File: C:/Users/hp/Desktop/DE1_SOC/de1_soc.v Line: 48
    Warning (13410): Pin "HEX2[2]" is stuck at VCC File: C:/Users/hp/Desktop/DE1_SOC/de1_soc.v Line: 48
    Warning (13410): Pin "HEX2[3]" is stuck at VCC File: C:/Users/hp/Desktop/DE1_SOC/de1_soc.v Line: 48
    Warning (13410): Pin "HEX2[4]" is stuck at VCC File: C:/Users/hp/Desktop/DE1_SOC/de1_soc.v Line: 48
    Warning (13410): Pin "HEX2[5]" is stuck at VCC File: C:/Users/hp/Desktop/DE1_SOC/de1_soc.v Line: 48
    Warning (13410): Pin "HEX2[6]" is stuck at VCC File: C:/Users/hp/Desktop/DE1_SOC/de1_soc.v Line: 48
    Warning (13410): Pin "HEX3[0]" is stuck at VCC File: C:/Users/hp/Desktop/DE1_SOC/de1_soc.v Line: 49
    Warning (13410): Pin "HEX3[1]" is stuck at VCC File: C:/Users/hp/Desktop/DE1_SOC/de1_soc.v Line: 49
    Warning (13410): Pin "HEX3[2]" is stuck at VCC File: C:/Users/hp/Desktop/DE1_SOC/de1_soc.v Line: 49
    Warning (13410): Pin "HEX3[3]" is stuck at VCC File: C:/Users/hp/Desktop/DE1_SOC/de1_soc.v Line: 49
    Warning (13410): Pin "HEX3[4]" is stuck at VCC File: C:/Users/hp/Desktop/DE1_SOC/de1_soc.v Line: 49
    Warning (13410): Pin "HEX3[5]" is stuck at VCC File: C:/Users/hp/Desktop/DE1_SOC/de1_soc.v Line: 49
    Warning (13410): Pin "HEX3[6]" is stuck at VCC File: C:/Users/hp/Desktop/DE1_SOC/de1_soc.v Line: 49
    Warning (13410): Pin "HEX4[0]" is stuck at VCC File: C:/Users/hp/Desktop/DE1_SOC/de1_soc.v Line: 50
    Warning (13410): Pin "HEX4[1]" is stuck at VCC File: C:/Users/hp/Desktop/DE1_SOC/de1_soc.v Line: 50
    Warning (13410): Pin "HEX4[2]" is stuck at VCC File: C:/Users/hp/Desktop/DE1_SOC/de1_soc.v Line: 50
    Warning (13410): Pin "HEX4[3]" is stuck at VCC File: C:/Users/hp/Desktop/DE1_SOC/de1_soc.v Line: 50
    Warning (13410): Pin "HEX4[4]" is stuck at VCC File: C:/Users/hp/Desktop/DE1_SOC/de1_soc.v Line: 50
    Warning (13410): Pin "HEX4[5]" is stuck at VCC File: C:/Users/hp/Desktop/DE1_SOC/de1_soc.v Line: 50
    Warning (13410): Pin "HEX4[6]" is stuck at VCC File: C:/Users/hp/Desktop/DE1_SOC/de1_soc.v Line: 50
    Warning (13410): Pin "HEX5[0]" is stuck at VCC File: C:/Users/hp/Desktop/DE1_SOC/de1_soc.v Line: 51
    Warning (13410): Pin "HEX5[1]" is stuck at VCC File: C:/Users/hp/Desktop/DE1_SOC/de1_soc.v Line: 51
    Warning (13410): Pin "HEX5[2]" is stuck at VCC File: C:/Users/hp/Desktop/DE1_SOC/de1_soc.v Line: 51
    Warning (13410): Pin "HEX5[3]" is stuck at VCC File: C:/Users/hp/Desktop/DE1_SOC/de1_soc.v Line: 51
    Warning (13410): Pin "HEX5[4]" is stuck at VCC File: C:/Users/hp/Desktop/DE1_SOC/de1_soc.v Line: 51
    Warning (13410): Pin "HEX5[5]" is stuck at VCC File: C:/Users/hp/Desktop/DE1_SOC/de1_soc.v Line: 51
    Warning (13410): Pin "HEX5[6]" is stuck at VCC File: C:/Users/hp/Desktop/DE1_SOC/de1_soc.v Line: 51
    Warning (13410): Pin "IRDA_TXD" is stuck at GND File: C:/Users/hp/Desktop/DE1_SOC/de1_soc.v Line: 55
    Warning (13410): Pin "LEDR[0]" is stuck at GND File: C:/Users/hp/Desktop/DE1_SOC/de1_soc.v Line: 61
    Warning (13410): Pin "LEDR[1]" is stuck at GND File: C:/Users/hp/Desktop/DE1_SOC/de1_soc.v Line: 61
    Warning (13410): Pin "LEDR[2]" is stuck at GND File: C:/Users/hp/Desktop/DE1_SOC/de1_soc.v Line: 61
    Warning (13410): Pin "LEDR[3]" is stuck at GND File: C:/Users/hp/Desktop/DE1_SOC/de1_soc.v Line: 61
    Warning (13410): Pin "LEDR[4]" is stuck at GND File: C:/Users/hp/Desktop/DE1_SOC/de1_soc.v Line: 61
    Warning (13410): Pin "LEDR[5]" is stuck at GND File: C:/Users/hp/Desktop/DE1_SOC/de1_soc.v Line: 61
    Warning (13410): Pin "LEDR[6]" is stuck at GND File: C:/Users/hp/Desktop/DE1_SOC/de1_soc.v Line: 61
    Warning (13410): Pin "LEDR[7]" is stuck at GND File: C:/Users/hp/Desktop/DE1_SOC/de1_soc.v Line: 61
    Warning (13410): Pin "LEDR[8]" is stuck at GND File: C:/Users/hp/Desktop/DE1_SOC/de1_soc.v Line: 61
    Warning (13410): Pin "LEDR[9]" is stuck at GND File: C:/Users/hp/Desktop/DE1_SOC/de1_soc.v Line: 61
    Warning (13410): Pin "TD_RESET_N" is stuck at GND File: C:/Users/hp/Desktop/DE1_SOC/de1_soc.v Line: 76
    Warning (13410): Pin "VGA_BLANK_N" is stuck at GND File: C:/Users/hp/Desktop/DE1_SOC/de1_soc.v Line: 80
    Warning (13410): Pin "VGA_B[0]" is stuck at GND File: C:/Users/hp/Desktop/DE1_SOC/de1_soc.v Line: 81
    Warning (13410): Pin "VGA_B[1]" is stuck at GND File: C:/Users/hp/Desktop/DE1_SOC/de1_soc.v Line: 81
    Warning (13410): Pin "VGA_B[2]" is stuck at GND File: C:/Users/hp/Desktop/DE1_SOC/de1_soc.v Line: 81
    Warning (13410): Pin "VGA_B[3]" is stuck at GND File: C:/Users/hp/Desktop/DE1_SOC/de1_soc.v Line: 81
    Warning (13410): Pin "VGA_B[4]" is stuck at GND File: C:/Users/hp/Desktop/DE1_SOC/de1_soc.v Line: 81
    Warning (13410): Pin "VGA_B[5]" is stuck at GND File: C:/Users/hp/Desktop/DE1_SOC/de1_soc.v Line: 81
    Warning (13410): Pin "VGA_B[6]" is stuck at GND File: C:/Users/hp/Desktop/DE1_SOC/de1_soc.v Line: 81
    Warning (13410): Pin "VGA_B[7]" is stuck at GND File: C:/Users/hp/Desktop/DE1_SOC/de1_soc.v Line: 81
    Warning (13410): Pin "VGA_CLK" is stuck at GND File: C:/Users/hp/Desktop/DE1_SOC/de1_soc.v Line: 82
    Warning (13410): Pin "VGA_G[0]" is stuck at GND File: C:/Users/hp/Desktop/DE1_SOC/de1_soc.v Line: 83
    Warning (13410): Pin "VGA_G[1]" is stuck at GND File: C:/Users/hp/Desktop/DE1_SOC/de1_soc.v Line: 83
    Warning (13410): Pin "VGA_G[2]" is stuck at GND File: C:/Users/hp/Desktop/DE1_SOC/de1_soc.v Line: 83
    Warning (13410): Pin "VGA_G[3]" is stuck at GND File: C:/Users/hp/Desktop/DE1_SOC/de1_soc.v Line: 83
    Warning (13410): Pin "VGA_G[4]" is stuck at GND File: C:/Users/hp/Desktop/DE1_SOC/de1_soc.v Line: 83
    Warning (13410): Pin "VGA_G[5]" is stuck at GND File: C:/Users/hp/Desktop/DE1_SOC/de1_soc.v Line: 83
    Warning (13410): Pin "VGA_G[6]" is stuck at GND File: C:/Users/hp/Desktop/DE1_SOC/de1_soc.v Line: 83
    Warning (13410): Pin "VGA_G[7]" is stuck at GND File: C:/Users/hp/Desktop/DE1_SOC/de1_soc.v Line: 83
    Warning (13410): Pin "VGA_HS" is stuck at GND File: C:/Users/hp/Desktop/DE1_SOC/de1_soc.v Line: 84
    Warning (13410): Pin "VGA_R[0]" is stuck at GND File: C:/Users/hp/Desktop/DE1_SOC/de1_soc.v Line: 85
    Warning (13410): Pin "VGA_R[1]" is stuck at GND File: C:/Users/hp/Desktop/DE1_SOC/de1_soc.v Line: 85
    Warning (13410): Pin "VGA_R[2]" is stuck at GND File: C:/Users/hp/Desktop/DE1_SOC/de1_soc.v Line: 85
    Warning (13410): Pin "VGA_R[3]" is stuck at GND File: C:/Users/hp/Desktop/DE1_SOC/de1_soc.v Line: 85
    Warning (13410): Pin "VGA_R[4]" is stuck at GND File: C:/Users/hp/Desktop/DE1_SOC/de1_soc.v Line: 85
    Warning (13410): Pin "VGA_R[5]" is stuck at GND File: C:/Users/hp/Desktop/DE1_SOC/de1_soc.v Line: 85
    Warning (13410): Pin "VGA_R[6]" is stuck at GND File: C:/Users/hp/Desktop/DE1_SOC/de1_soc.v Line: 85
    Warning (13410): Pin "VGA_R[7]" is stuck at GND File: C:/Users/hp/Desktop/DE1_SOC/de1_soc.v Line: 85
    Warning (13410): Pin "VGA_SYNC_N" is stuck at GND File: C:/Users/hp/Desktop/DE1_SOC/de1_soc.v Line: 86
    Warning (13410): Pin "VGA_VS" is stuck at GND File: C:/Users/hp/Desktop/DE1_SOC/de1_soc.v Line: 87
Info (16010): Generating hard_block partition "hard_block:auto_generated_inst"
    Info (16011): Adding 0 node(s), including 0 DDIO, 0 PLL, 0 transceiver and 0 LCELL
Warning (21074): Design contains 32 input pin(s) that do not drive logic
    Warning (15610): No output dependent on input pin "ADC_DOUT" File: C:/Users/hp/Desktop/DE1_SOC/de1_soc.v Line: 11
    Warning (15610): No output dependent on input pin "AUD_ADCDAT" File: C:/Users/hp/Desktop/DE1_SOC/de1_soc.v Line: 15
    Warning (15610): No output dependent on input pin "CLOCK2_50" File: C:/Users/hp/Desktop/DE1_SOC/de1_soc.v Line: 23
    Warning (15610): No output dependent on input pin "CLOCK3_50" File: C:/Users/hp/Desktop/DE1_SOC/de1_soc.v Line: 24
    Warning (15610): No output dependent on input pin "CLOCK4_50" File: C:/Users/hp/Desktop/DE1_SOC/de1_soc.v Line: 25
    Warning (15610): No output dependent on input pin "CLOCK_50" File: C:/Users/hp/Desktop/DE1_SOC/de1_soc.v Line: 26
    Warning (15610): No output dependent on input pin "IRDA_RXD" File: C:/Users/hp/Desktop/DE1_SOC/de1_soc.v Line: 54
    Warning (15610): No output dependent on input pin "KEY[0]" File: C:/Users/hp/Desktop/DE1_SOC/de1_soc.v Line: 58
    Warning (15610): No output dependent on input pin "KEY[1]" File: C:/Users/hp/Desktop/DE1_SOC/de1_soc.v Line: 58
    Warning (15610): No output dependent on input pin "KEY[2]" File: C:/Users/hp/Desktop/DE1_SOC/de1_soc.v Line: 58
    Warning (15610): No output dependent on input pin "KEY[3]" File: C:/Users/hp/Desktop/DE1_SOC/de1_soc.v Line: 58
    Warning (15610): No output dependent on input pin "SW[0]" File: C:/Users/hp/Desktop/DE1_SOC/de1_soc.v Line: 70
    Warning (15610): No output dependent on input pin "SW[1]" File: C:/Users/hp/Desktop/DE1_SOC/de1_soc.v Line: 70
    Warning (15610): No output dependent on input pin "SW[2]" File: C:/Users/hp/Desktop/DE1_SOC/de1_soc.v Line: 70
    Warning (15610): No output dependent on input pin "SW[3]" File: C:/Users/hp/Desktop/DE1_SOC/de1_soc.v Line: 70
    Warning (15610): No output dependent on input pin "SW[4]" File: C:/Users/hp/Desktop/DE1_SOC/de1_soc.v Line: 70
    Warning (15610): No output dependent on input pin "SW[5]" File: C:/Users/hp/Desktop/DE1_SOC/de1_soc.v Line: 70
    Warning (15610): No output dependent on input pin "SW[6]" File: C:/Users/hp/Desktop/DE1_SOC/de1_soc.v Line: 70
    Warning (15610): No output dependent on input pin "SW[7]" File: C:/Users/hp/Desktop/DE1_SOC/de1_soc.v Line: 70
    Warning (15610): No output dependent on input pin "SW[8]" File: C:/Users/hp/Desktop/DE1_SOC/de1_soc.v Line: 70
    Warning (15610): No output dependent on input pin "SW[9]" File: C:/Users/hp/Desktop/DE1_SOC/de1_soc.v Line: 70
    Warning (15610): No output dependent on input pin "TD_CLK27" File: C:/Users/hp/Desktop/DE1_SOC/de1_soc.v Line: 73
    Warning (15610): No output dependent on input pin "TD_DATA[0]" File: C:/Users/hp/Desktop/DE1_SOC/de1_soc.v Line: 74
    Warning (15610): No output dependent on input pin "TD_DATA[1]" File: C:/Users/hp/Desktop/DE1_SOC/de1_soc.v Line: 74
    Warning (15610): No output dependent on input pin "TD_DATA[2]" File: C:/Users/hp/Desktop/DE1_SOC/de1_soc.v Line: 74
    Warning (15610): No output dependent on input pin "TD_DATA[3]" File: C:/Users/hp/Desktop/DE1_SOC/de1_soc.v Line: 74
    Warning (15610): No output dependent on input pin "TD_DATA[4]" File: C:/Users/hp/Desktop/DE1_SOC/de1_soc.v Line: 74
    Warning (15610): No output dependent on input pin "TD_DATA[5]" File: C:/Users/hp/Desktop/DE1_SOC/de1_soc.v Line: 74
    Warning (15610): No output dependent on input pin "TD_DATA[6]" File: C:/Users/hp/Desktop/DE1_SOC/de1_soc.v Line: 74
    Warning (15610): No output dependent on input pin "TD_DATA[7]" File: C:/Users/hp/Desktop/DE1_SOC/de1_soc.v Line: 74
    Warning (15610): No output dependent on input pin "TD_HS" File: C:/Users/hp/Desktop/DE1_SOC/de1_soc.v Line: 75
    Warning (15610): No output dependent on input pin "TD_VS" File: C:/Users/hp/Desktop/DE1_SOC/de1_soc.v Line: 77
Info (21057): Implemented 204 device resources after synthesis - the final resource count might be different
    Info (21058): Implemented 32 input pins
    Info (21059): Implemented 112 output pins
    Info (21060): Implemented 60 bidirectional pins
Info: Quartus Prime Analysis & Synthesis was successful. 0 errors, 245 warnings
    Info: Peak virtual memory: 4805 megabytes
    Info: Processing ended: Mon Feb 27 00:58:16 2023
    Info: Elapsed time: 00:00:38
    Info: Total CPU time (on all processors): 00:01:23


