Analysis & Synthesis report for DE1_SOC
Fri Mar  3 00:25:55 2023
Quartus Prime Version 22.1std.0 Build 915 10/25/2022 SC Lite Edition


---------------------
; Table of Contents ;
---------------------
  1. Legal Notice
  2. Analysis & Synthesis Summary
  3. Analysis & Synthesis Settings
  4. Parallel Compilation
  5. Analysis & Synthesis Source Files Read
  6. Analysis & Synthesis Resource Usage Summary
  7. Analysis & Synthesis Resource Utilization by Entity
  8. General Register Statistics
  9. Parameter Settings for User Entity Instance: Adder_n:XX
 10. Parameter Settings for User Entity Instance: mux4bit_2to1:WW
 11. Post-Synthesis Netlist Statistics for Top Partition
 12. Elapsed Time Per Partition
 13. Analysis & Synthesis Messages



----------------
; Legal Notice ;
----------------
Copyright (C) 2022  Intel Corporation. All rights reserved.
Your use of Intel Corporation's design tools, logic functions 
and other software and tools, and any partner logic 
functions, and any output files from any of the foregoing 
(including device programming or simulation files), and any 
associated documentation or information are expressly subject 
to the terms and conditions of the Intel Program License 
Subscription Agreement, the Intel Quartus Prime License Agreement,
the Intel FPGA IP License Agreement, or other applicable license
agreement, including, without limitation, that your use is for
the sole purpose of programming logic devices manufactured by
Intel and sold by Intel or its authorized distributors.  Please
refer to the applicable agreement for further details, at
https://fpgasoftware.intel.com/eula.



+----------------------------------------------------------------------------------+
; Analysis & Synthesis Summary                                                     ;
+---------------------------------+------------------------------------------------+
; Analysis & Synthesis Status     ; Successful - Fri Mar  3 00:25:55 2023          ;
; Quartus Prime Version           ; 22.1std.0 Build 915 10/25/2022 SC Lite Edition ;
; Revision Name                   ; DE1_SOC                                        ;
; Top-level Entity Name           ; DE1_SOC                                        ;
; Family                          ; Cyclone V                                      ;
; Logic utilization (in ALMs)     ; N/A                                            ;
; Total registers                 ; 0                                              ;
; Total pins                      ; 155                                            ;
; Total virtual pins              ; 0                                              ;
; Total block memory bits         ; 0                                              ;
; Total DSP Blocks                ; 0                                              ;
; Total HSSI RX PCSs              ; 0                                              ;
; Total HSSI PMA RX Deserializers ; 0                                              ;
; Total HSSI TX PCSs              ; 0                                              ;
; Total HSSI PMA TX Serializers   ; 0                                              ;
; Total PLLs                      ; 0                                              ;
; Total DLLs                      ; 0                                              ;
+---------------------------------+------------------------------------------------+


+---------------------------------------------------------------------------------------------------------------------------+
; Analysis & Synthesis Settings                                                                                             ;
+---------------------------------------------------------------------------------+--------------------+--------------------+
; Option                                                                          ; Setting            ; Default Value      ;
+---------------------------------------------------------------------------------+--------------------+--------------------+
; Device                                                                          ; 5CSEMA5F31C6       ;                    ;
; Top-level entity name                                                           ; DE1_SOC            ; DE1_SOC            ;
; Family name                                                                     ; Cyclone V          ; Cyclone V          ;
; Use smart compilation                                                           ; Off                ; Off                ;
; Enable parallel Assembler and Timing Analyzer during compilation                ; On                 ; On                 ;
; Enable compact report table                                                     ; Off                ; Off                ;
; Restructure Multiplexers                                                        ; Auto               ; Auto               ;
; MLAB Add Timing Constraints For Mixed-Port Feed-Through Mode Setting Don't Care ; Off                ; Off                ;
; Create Debugging Nodes for IP Cores                                             ; Off                ; Off                ;
; Preserve fewer node names                                                       ; On                 ; On                 ;
; Intel FPGA IP Evaluation Mode                                                   ; Enable             ; Enable             ;
; Verilog Version                                                                 ; Verilog_2001       ; Verilog_2001       ;
; VHDL Version                                                                    ; VHDL_1993          ; VHDL_1993          ;
; State Machine Processing                                                        ; Auto               ; Auto               ;
; Safe State Machine                                                              ; Off                ; Off                ;
; Extract Verilog State Machines                                                  ; On                 ; On                 ;
; Extract VHDL State Machines                                                     ; On                 ; On                 ;
; Ignore Verilog initial constructs                                               ; Off                ; Off                ;
; Iteration limit for constant Verilog loops                                      ; 5000               ; 5000               ;
; Iteration limit for non-constant Verilog loops                                  ; 250                ; 250                ;
; Add Pass-Through Logic to Inferred RAMs                                         ; On                 ; On                 ;
; Infer RAMs from Raw Logic                                                       ; On                 ; On                 ;
; Parallel Synthesis                                                              ; On                 ; On                 ;
; DSP Block Balancing                                                             ; Auto               ; Auto               ;
; NOT Gate Push-Back                                                              ; On                 ; On                 ;
; Power-Up Don't Care                                                             ; On                 ; On                 ;
; Remove Redundant Logic Cells                                                    ; Off                ; Off                ;
; Remove Duplicate Registers                                                      ; On                 ; On                 ;
; Ignore CARRY Buffers                                                            ; Off                ; Off                ;
; Ignore CASCADE Buffers                                                          ; Off                ; Off                ;
; Ignore GLOBAL Buffers                                                           ; Off                ; Off                ;
; Ignore ROW GLOBAL Buffers                                                       ; Off                ; Off                ;
; Ignore LCELL Buffers                                                            ; Off                ; Off                ;
; Ignore SOFT Buffers                                                             ; On                 ; On                 ;
; Limit AHDL Integers to 32 Bits                                                  ; Off                ; Off                ;
; Optimization Technique                                                          ; Balanced           ; Balanced           ;
; Carry Chain Length                                                              ; 70                 ; 70                 ;
; Auto Carry Chains                                                               ; On                 ; On                 ;
; Auto Open-Drain Pins                                                            ; On                 ; On                 ;
; Perform WYSIWYG Primitive Resynthesis                                           ; Off                ; Off                ;
; Auto ROM Replacement                                                            ; On                 ; On                 ;
; Auto RAM Replacement                                                            ; On                 ; On                 ;
; Auto DSP Block Replacement                                                      ; On                 ; On                 ;
; Auto Shift Register Replacement                                                 ; Auto               ; Auto               ;
; Allow Shift Register Merging across Hierarchies                                 ; Auto               ; Auto               ;
; Auto Clock Enable Replacement                                                   ; On                 ; On                 ;
; Strict RAM Replacement                                                          ; Off                ; Off                ;
; Allow Synchronous Control Signals                                               ; On                 ; On                 ;
; Force Use of Synchronous Clear Signals                                          ; Off                ; Off                ;
; Auto Resource Sharing                                                           ; Off                ; Off                ;
; Allow Any RAM Size For Recognition                                              ; Off                ; Off                ;
; Allow Any ROM Size For Recognition                                              ; Off                ; Off                ;
; Allow Any Shift Register Size For Recognition                                   ; Off                ; Off                ;
; Use LogicLock Constraints during Resource Balancing                             ; On                 ; On                 ;
; Ignore translate_off and synthesis_off directives                               ; Off                ; Off                ;
; Timing-Driven Synthesis                                                         ; On                 ; On                 ;
; Report Parameter Settings                                                       ; On                 ; On                 ;
; Report Source Assignments                                                       ; On                 ; On                 ;
; Report Connectivity Checks                                                      ; On                 ; On                 ;
; Ignore Maximum Fan-Out Assignments                                              ; Off                ; Off                ;
; Synchronization Register Chain Length                                           ; 3                  ; 3                  ;
; Power Optimization During Synthesis                                             ; Normal compilation ; Normal compilation ;
; HDL message level                                                               ; Level2             ; Level2             ;
; Suppress Register Optimization Related Messages                                 ; Off                ; Off                ;
; Number of Removed Registers Reported in Synthesis Report                        ; 5000               ; 5000               ;
; Number of Swept Nodes Reported in Synthesis Report                              ; 5000               ; 5000               ;
; Number of Inverted Registers Reported in Synthesis Report                       ; 100                ; 100                ;
; Clock MUX Protection                                                            ; On                 ; On                 ;
; Auto Gated Clock Conversion                                                     ; Off                ; Off                ;
; Block Design Naming                                                             ; Auto               ; Auto               ;
; SDC constraint protection                                                       ; Off                ; Off                ;
; Synthesis Effort                                                                ; Auto               ; Auto               ;
; Shift Register Replacement - Allow Asynchronous Clear Signal                    ; On                 ; On                 ;
; Pre-Mapping Resynthesis Optimization                                            ; Off                ; Off                ;
; Analysis & Synthesis Message Level                                              ; Medium             ; Medium             ;
; Disable Register Merging Across Hierarchies                                     ; Auto               ; Auto               ;
; Resource Aware Inference For Block RAM                                          ; On                 ; On                 ;
; Automatic Parallel Synthesis                                                    ; On                 ; On                 ;
; Partial Reconfiguration Bitstream ID                                            ; Off                ; Off                ;
+---------------------------------------------------------------------------------+--------------------+--------------------+


+------------------------------------------+
; Parallel Compilation                     ;
+----------------------------+-------------+
; Processors                 ; Number      ;
+----------------------------+-------------+
; Number detected on machine ; 4           ;
; Maximum allowed            ; 4           ;
;                            ;             ;
; Average used               ; 1.00        ;
; Maximum used               ; 1           ;
;                            ;             ;
; Usage by Processor         ; % Time Used ;
;     Processor 1            ; 100.0%      ;
+----------------------------+-------------+


+---------------------------------------------------------------------------------------------------------------------------------------------------------------+
; Analysis & Synthesis Source Files Read                                                                                                                        ;
+----------------------------------+-----------------+------------------------------+-----------------------------------------------------------------+---------+
; File Name with User-Entered Path ; Used in Netlist ; File Type                    ; File Name with Absolute Path                                    ; Library ;
+----------------------------------+-----------------+------------------------------+-----------------------------------------------------------------+---------+
; All_Modules/Mux_n.v              ; yes             ; User Verilog HDL File        ; D:/4bit_Microprocessor_FPGA/DE1_SOC/All_Modules/Mux_n.v         ;         ;
; All_Modules/Add_Sub_n.v          ; yes             ; User Verilog HDL File        ; D:/4bit_Microprocessor_FPGA/DE1_SOC/All_Modules/Add_Sub_n.v     ;         ;
; All_Modules/7_Segment_0-F.v      ; yes             ; User Verilog HDL File        ; D:/4bit_Microprocessor_FPGA/DE1_SOC/All_Modules/7_Segment_0-F.v ;         ;
; de1_soc.v                        ; yes             ; Auto-Found Verilog HDL File  ; D:/4bit_Microprocessor_FPGA/DE1_SOC/de1_soc.v                   ;         ;
+----------------------------------+-----------------+------------------------------+-----------------------------------------------------------------+---------+


+-----------------------------------------------------------+
; Analysis & Synthesis Resource Usage Summary               ;
+---------------------------------------------+-------------+
; Resource                                    ; Usage       ;
+---------------------------------------------+-------------+
; Estimate of Logic utilization (ALMs needed) ; 13          ;
;                                             ;             ;
; Combinational ALUT usage for logic          ; 24          ;
;     -- 7 input functions                    ; 0           ;
;     -- 6 input functions                    ; 2           ;
;     -- 5 input functions                    ; 2           ;
;     -- 4 input functions                    ; 7           ;
;     -- <=3 input functions                  ; 13          ;
;                                             ;             ;
; Dedicated logic registers                   ; 0           ;
;                                             ;             ;
; I/O pins                                    ; 155         ;
;                                             ;             ;
; Total DSP Blocks                            ; 0           ;
;                                             ;             ;
; Maximum fan-out node                        ; SW[0]~input ;
; Maximum fan-out                             ; 11          ;
; Total fan-out                               ; 322         ;
; Average fan-out                             ; 0.83        ;
+---------------------------------------------+-------------+


+----------------------------------------------------------------------------------------------------------------------------------------------------------------------------------------------------------------------+
; Analysis & Synthesis Resource Utilization by Entity                                                                                                                                                                  ;
+---------------------------------+---------------------+---------------------------+-------------------+------------+------+--------------+---------------------------------------------+--------------+--------------+
; Compilation Hierarchy Node      ; Combinational ALUTs ; Dedicated Logic Registers ; Block Memory Bits ; DSP Blocks ; Pins ; Virtual Pins ; Full Hierarchy Name                         ; Entity Name  ; Library Name ;
+---------------------------------+---------------------+---------------------------+-------------------+------------+------+--------------+---------------------------------------------+--------------+--------------+
; |DE1_SOC                        ; 24 (0)              ; 0 (0)                     ; 0                 ; 0          ; 155  ; 0            ; |DE1_SOC                                    ; DE1_SOC      ; work         ;
;    |Adder_n:XX|                 ; 6 (0)               ; 0 (0)                     ; 0                 ; 0          ; 0    ; 0            ; |DE1_SOC|Adder_n:XX                         ; Adder_n      ; work         ;
;       |fulladd:addbit[0].stage| ; 1 (1)               ; 0 (0)                     ; 0                 ; 0          ; 0    ; 0            ; |DE1_SOC|Adder_n:XX|fulladd:addbit[0].stage ; fulladd      ; work         ;
;       |fulladd:addbit[1].stage| ; 2 (2)               ; 0 (0)                     ; 0                 ; 0          ; 0    ; 0            ; |DE1_SOC|Adder_n:XX|fulladd:addbit[1].stage ; fulladd      ; work         ;
;       |fulladd:addbit[2].stage| ; 1 (1)               ; 0 (0)                     ; 0                 ; 0          ; 0    ; 0            ; |DE1_SOC|Adder_n:XX|fulladd:addbit[2].stage ; fulladd      ; work         ;
;       |fulladd:addbit[3].stage| ; 2 (2)               ; 0 (0)                     ; 0                 ; 0          ; 0    ; 0            ; |DE1_SOC|Adder_n:XX|fulladd:addbit[3].stage ; fulladd      ; work         ;
;    |mux4bit_2to1:WW|            ; 4 (4)               ; 0 (0)                     ; 0                 ; 0          ; 0    ; 0            ; |DE1_SOC|mux4bit_2to1:WW                    ; mux4bit_2to1 ; work         ;
;    |segment_7:YY|               ; 7 (7)               ; 0 (0)                     ; 0                 ; 0          ; 0    ; 0            ; |DE1_SOC|segment_7:YY                       ; segment_7    ; work         ;
;    |segment_7:ZZ|               ; 7 (7)               ; 0 (0)                     ; 0                 ; 0          ; 0    ; 0            ; |DE1_SOC|segment_7:ZZ                       ; segment_7    ; work         ;
+---------------------------------+---------------------+---------------------------+-------------------+------------+------+--------------+---------------------------------------------+--------------+--------------+
Note: For table entries with two numbers listed, the numbers in parentheses indicate the number of resources of the given type used by the specific entity alone. The numbers listed outside of parentheses indicate the total resources of the given type used by the specific entity and all of its sub-entities in the hierarchy.


+------------------------------------------------------+
; General Register Statistics                          ;
+----------------------------------------------+-------+
; Statistic                                    ; Value ;
+----------------------------------------------+-------+
; Total registers                              ; 0     ;
; Number of registers using Synchronous Clear  ; 0     ;
; Number of registers using Synchronous Load   ; 0     ;
; Number of registers using Asynchronous Clear ; 0     ;
; Number of registers using Asynchronous Load  ; 0     ;
; Number of registers using Clock Enable       ; 0     ;
; Number of registers using Preset             ; 0     ;
+----------------------------------------------+-------+


+---------------------------------------------------------+
; Parameter Settings for User Entity Instance: Adder_n:XX ;
+----------------+-------+--------------------------------+
; Parameter Name ; Value ; Type                           ;
+----------------+-------+--------------------------------+
; n              ; 4     ; Signed Integer                 ;
+----------------+-------+--------------------------------+
Note: In order to hide this table in the UI and the text report file, please set the "Show Parameter Settings in Synthesis Report" option in "Analysis and Synthesis Settings -> More Settings" to "Off".


+--------------------------------------------------------------+
; Parameter Settings for User Entity Instance: mux4bit_2to1:WW ;
+----------------+-------+-------------------------------------+
; Parameter Name ; Value ; Type                                ;
+----------------+-------+-------------------------------------+
; n              ; 4     ; Signed Integer                      ;
+----------------+-------+-------------------------------------+
Note: In order to hide this table in the UI and the text report file, please set the "Show Parameter Settings in Synthesis Report" option in "Analysis and Synthesis Settings -> More Settings" to "Off".


+-----------------------------------------------------+
; Post-Synthesis Netlist Statistics for Top Partition ;
+-----------------------+-----------------------------+
; Type                  ; Count                       ;
+-----------------------+-----------------------------+
; arriav_io_obuf        ; 56                          ;
; arriav_lcell_comb     ; 26                          ;
;     normal            ; 26                          ;
;         0 data inputs ; 2                           ;
;         2 data inputs ; 1                           ;
;         3 data inputs ; 12                          ;
;         4 data inputs ; 7                           ;
;         5 data inputs ; 2                           ;
;         6 data inputs ; 2                           ;
; boundary_port         ; 155                         ;
;                       ;                             ;
; Max LUT depth         ; 2.00                        ;
; Average LUT depth     ; 0.46                        ;
+-----------------------+-----------------------------+


+-------------------------------+
; Elapsed Time Per Partition    ;
+----------------+--------------+
; Partition Name ; Elapsed Time ;
+----------------+--------------+
; Top            ; 00:00:00     ;
+----------------+--------------+


+-------------------------------+
; Analysis & Synthesis Messages ;
+-------------------------------+
Info: *******************************************************************
Info: Running Quartus Prime Analysis & Synthesis
    Info: Version 22.1std.0 Build 915 10/25/2022 SC Lite Edition
    Info: Processing started: Fri Mar  3 00:25:45 2023
Info: Command: quartus_map --read_settings_files=on --write_settings_files=off DE1_SOC -c DE1_SOC
Warning (18236): Number of processors has not been specified which may cause overloading on shared machines.  Set the global assignment NUM_PARALLEL_PROCESSORS in your QSF to an appropriate value for best performance.
Info (20030): Parallel compilation is enabled and will use 4 of the 4 processors detected
Info (12021): Found 1 design units, including 1 entities, in source file all_modules/testing.v
    Info (12023): Found entity 1: testbench File: D:/4bit_Microprocessor_FPGA/DE1_SOC/All_Modules/testing.v Line: 1
Info (12021): Found 1 design units, including 1 entities, in source file all_modules/mux_n.v
    Info (12023): Found entity 1: mux4bit_2to1 File: D:/4bit_Microprocessor_FPGA/DE1_SOC/All_Modules/Mux_n.v Line: 3
Info (12021): Found 2 design units, including 2 entities, in source file all_modules/add_sub_n.v
    Info (12023): Found entity 1: Adder_n File: D:/4bit_Microprocessor_FPGA/DE1_SOC/All_Modules/Add_Sub_n.v Line: 3
    Info (12023): Found entity 2: fulladd File: D:/4bit_Microprocessor_FPGA/DE1_SOC/All_Modules/Add_Sub_n.v Line: 31
Info (12021): Found 1 design units, including 1 entities, in source file all_modules/7_segment_0-f.v
    Info (12023): Found entity 1: segment_7 File: D:/4bit_Microprocessor_FPGA/DE1_SOC/All_Modules/7_Segment_0-F.v Line: 3
Warning (10236): Verilog HDL Implicit Net warning at 7_Segment_0-F.v(7): created implicit net for "a" File: D:/4bit_Microprocessor_FPGA/DE1_SOC/All_Modules/7_Segment_0-F.v Line: 7
Warning (10236): Verilog HDL Implicit Net warning at 7_Segment_0-F.v(8): created implicit net for "b" File: D:/4bit_Microprocessor_FPGA/DE1_SOC/All_Modules/7_Segment_0-F.v Line: 8
Warning (10236): Verilog HDL Implicit Net warning at 7_Segment_0-F.v(9): created implicit net for "c" File: D:/4bit_Microprocessor_FPGA/DE1_SOC/All_Modules/7_Segment_0-F.v Line: 9
Warning (10236): Verilog HDL Implicit Net warning at 7_Segment_0-F.v(10): created implicit net for "d" File: D:/4bit_Microprocessor_FPGA/DE1_SOC/All_Modules/7_Segment_0-F.v Line: 10
Warning (12125): Using design file de1_soc.v, which is not specified as a design file for the current project, but contains definitions for 1 design units and 1 entities in project
    Info (12023): Found entity 1: DE1_SOC File: D:/4bit_Microprocessor_FPGA/DE1_SOC/de1_soc.v Line: 6
Info (12127): Elaborating entity "DE1_SOC" for the top level hierarchy
Warning (10034): Output port "DRAM_ADDR" at de1_soc.v(21) has no driver File: D:/4bit_Microprocessor_FPGA/DE1_SOC/de1_soc.v Line: 21
Warning (10034): Output port "DRAM_BA" at de1_soc.v(22) has no driver File: D:/4bit_Microprocessor_FPGA/DE1_SOC/de1_soc.v Line: 22
Warning (10034): Output port "LEDR[5]" at de1_soc.v(49) has no driver File: D:/4bit_Microprocessor_FPGA/DE1_SOC/de1_soc.v Line: 49
Warning (10034): Output port "ADC_CONVST" at de1_soc.v(9) has no driver File: D:/4bit_Microprocessor_FPGA/DE1_SOC/de1_soc.v Line: 9
Warning (10034): Output port "ADC_DIN" at de1_soc.v(10) has no driver File: D:/4bit_Microprocessor_FPGA/DE1_SOC/de1_soc.v Line: 10
Warning (10034): Output port "ADC_SCLK" at de1_soc.v(12) has no driver File: D:/4bit_Microprocessor_FPGA/DE1_SOC/de1_soc.v Line: 12
Warning (10034): Output port "DRAM_CAS_N" at de1_soc.v(23) has no driver File: D:/4bit_Microprocessor_FPGA/DE1_SOC/de1_soc.v Line: 23
Warning (10034): Output port "DRAM_CKE" at de1_soc.v(24) has no driver File: D:/4bit_Microprocessor_FPGA/DE1_SOC/de1_soc.v Line: 24
Warning (10034): Output port "DRAM_CLK" at de1_soc.v(25) has no driver File: D:/4bit_Microprocessor_FPGA/DE1_SOC/de1_soc.v Line: 25
Warning (10034): Output port "DRAM_CS_N" at de1_soc.v(26) has no driver File: D:/4bit_Microprocessor_FPGA/DE1_SOC/de1_soc.v Line: 26
Warning (10034): Output port "DRAM_LDQM" at de1_soc.v(28) has no driver File: D:/4bit_Microprocessor_FPGA/DE1_SOC/de1_soc.v Line: 28
Warning (10034): Output port "DRAM_RAS_N" at de1_soc.v(29) has no driver File: D:/4bit_Microprocessor_FPGA/DE1_SOC/de1_soc.v Line: 29
Warning (10034): Output port "DRAM_UDQM" at de1_soc.v(30) has no driver File: D:/4bit_Microprocessor_FPGA/DE1_SOC/de1_soc.v Line: 30
Warning (10034): Output port "DRAM_WE_N" at de1_soc.v(31) has no driver File: D:/4bit_Microprocessor_FPGA/DE1_SOC/de1_soc.v Line: 31
Warning (10034): Output port "IRDA_TXD" at de1_soc.v(43) has no driver File: D:/4bit_Microprocessor_FPGA/DE1_SOC/de1_soc.v Line: 43
Info (12128): Elaborating entity "segment_7" for hierarchy "segment_7:ZZ" File: D:/4bit_Microprocessor_FPGA/DE1_SOC/de1_soc.v Line: 76
Info (12128): Elaborating entity "Adder_n" for hierarchy "Adder_n:XX" File: D:/4bit_Microprocessor_FPGA/DE1_SOC/de1_soc.v Line: 78
Info (12128): Elaborating entity "fulladd" for hierarchy "Adder_n:XX|fulladd:addbit[0].stage" File: D:/4bit_Microprocessor_FPGA/DE1_SOC/All_Modules/Add_Sub_n.v Line: 24
Info (12128): Elaborating entity "mux4bit_2to1" for hierarchy "mux4bit_2to1:WW" File: D:/4bit_Microprocessor_FPGA/DE1_SOC/de1_soc.v Line: 80
Warning (13039): The following bidirectional pins have no drivers
    Warning (13040): bidirectional pin "DRAM_DQ[0]" has no driver File: D:/4bit_Microprocessor_FPGA/DE1_SOC/de1_soc.v Line: 27
    Warning (13040): bidirectional pin "DRAM_DQ[1]" has no driver File: D:/4bit_Microprocessor_FPGA/DE1_SOC/de1_soc.v Line: 27
    Warning (13040): bidirectional pin "DRAM_DQ[2]" has no driver File: D:/4bit_Microprocessor_FPGA/DE1_SOC/de1_soc.v Line: 27
    Warning (13040): bidirectional pin "DRAM_DQ[3]" has no driver File: D:/4bit_Microprocessor_FPGA/DE1_SOC/de1_soc.v Line: 27
    Warning (13040): bidirectional pin "DRAM_DQ[4]" has no driver File: D:/4bit_Microprocessor_FPGA/DE1_SOC/de1_soc.v Line: 27
    Warning (13040): bidirectional pin "DRAM_DQ[5]" has no driver File: D:/4bit_Microprocessor_FPGA/DE1_SOC/de1_soc.v Line: 27
    Warning (13040): bidirectional pin "DRAM_DQ[6]" has no driver File: D:/4bit_Microprocessor_FPGA/DE1_SOC/de1_soc.v Line: 27
    Warning (13040): bidirectional pin "DRAM_DQ[7]" has no driver File: D:/4bit_Microprocessor_FPGA/DE1_SOC/de1_soc.v Line: 27
    Warning (13040): bidirectional pin "DRAM_DQ[8]" has no driver File: D:/4bit_Microprocessor_FPGA/DE1_SOC/de1_soc.v Line: 27
    Warning (13040): bidirectional pin "DRAM_DQ[9]" has no driver File: D:/4bit_Microprocessor_FPGA/DE1_SOC/de1_soc.v Line: 27
    Warning (13040): bidirectional pin "DRAM_DQ[10]" has no driver File: D:/4bit_Microprocessor_FPGA/DE1_SOC/de1_soc.v Line: 27
    Warning (13040): bidirectional pin "DRAM_DQ[11]" has no driver File: D:/4bit_Microprocessor_FPGA/DE1_SOC/de1_soc.v Line: 27
    Warning (13040): bidirectional pin "DRAM_DQ[12]" has no driver File: D:/4bit_Microprocessor_FPGA/DE1_SOC/de1_soc.v Line: 27
    Warning (13040): bidirectional pin "DRAM_DQ[13]" has no driver File: D:/4bit_Microprocessor_FPGA/DE1_SOC/de1_soc.v Line: 27
    Warning (13040): bidirectional pin "DRAM_DQ[14]" has no driver File: D:/4bit_Microprocessor_FPGA/DE1_SOC/de1_soc.v Line: 27
    Warning (13040): bidirectional pin "DRAM_DQ[15]" has no driver File: D:/4bit_Microprocessor_FPGA/DE1_SOC/de1_soc.v Line: 27
    Warning (13040): bidirectional pin "PS2_CLK" has no driver File: D:/4bit_Microprocessor_FPGA/DE1_SOC/de1_soc.v Line: 52
    Warning (13040): bidirectional pin "PS2_CLK2" has no driver File: D:/4bit_Microprocessor_FPGA/DE1_SOC/de1_soc.v Line: 53
    Warning (13040): bidirectional pin "PS2_DAT" has no driver File: D:/4bit_Microprocessor_FPGA/DE1_SOC/de1_soc.v Line: 54
    Warning (13040): bidirectional pin "PS2_DAT2" has no driver File: D:/4bit_Microprocessor_FPGA/DE1_SOC/de1_soc.v Line: 55
    Warning (13040): bidirectional pin "GPIO[0]" has no driver File: D:/4bit_Microprocessor_FPGA/DE1_SOC/de1_soc.v Line: 62
    Warning (13040): bidirectional pin "GPIO[1]" has no driver File: D:/4bit_Microprocessor_FPGA/DE1_SOC/de1_soc.v Line: 62
    Warning (13040): bidirectional pin "GPIO[2]" has no driver File: D:/4bit_Microprocessor_FPGA/DE1_SOC/de1_soc.v Line: 62
    Warning (13040): bidirectional pin "GPIO[3]" has no driver File: D:/4bit_Microprocessor_FPGA/DE1_SOC/de1_soc.v Line: 62
    Warning (13040): bidirectional pin "GPIO[4]" has no driver File: D:/4bit_Microprocessor_FPGA/DE1_SOC/de1_soc.v Line: 62
    Warning (13040): bidirectional pin "GPIO[5]" has no driver File: D:/4bit_Microprocessor_FPGA/DE1_SOC/de1_soc.v Line: 62
    Warning (13040): bidirectional pin "GPIO[6]" has no driver File: D:/4bit_Microprocessor_FPGA/DE1_SOC/de1_soc.v Line: 62
    Warning (13040): bidirectional pin "GPIO[7]" has no driver File: D:/4bit_Microprocessor_FPGA/DE1_SOC/de1_soc.v Line: 62
    Warning (13040): bidirectional pin "GPIO[8]" has no driver File: D:/4bit_Microprocessor_FPGA/DE1_SOC/de1_soc.v Line: 62
    Warning (13040): bidirectional pin "GPIO[9]" has no driver File: D:/4bit_Microprocessor_FPGA/DE1_SOC/de1_soc.v Line: 62
    Warning (13040): bidirectional pin "GPIO[10]" has no driver File: D:/4bit_Microprocessor_FPGA/DE1_SOC/de1_soc.v Line: 62
    Warning (13040): bidirectional pin "GPIO[11]" has no driver File: D:/4bit_Microprocessor_FPGA/DE1_SOC/de1_soc.v Line: 62
    Warning (13040): bidirectional pin "GPIO[12]" has no driver File: D:/4bit_Microprocessor_FPGA/DE1_SOC/de1_soc.v Line: 62
    Warning (13040): bidirectional pin "GPIO[13]" has no driver File: D:/4bit_Microprocessor_FPGA/DE1_SOC/de1_soc.v Line: 62
    Warning (13040): bidirectional pin "GPIO[14]" has no driver File: D:/4bit_Microprocessor_FPGA/DE1_SOC/de1_soc.v Line: 62
    Warning (13040): bidirectional pin "GPIO[15]" has no driver File: D:/4bit_Microprocessor_FPGA/DE1_SOC/de1_soc.v Line: 62
    Warning (13040): bidirectional pin "GPIO[16]" has no driver File: D:/4bit_Microprocessor_FPGA/DE1_SOC/de1_soc.v Line: 62
    Warning (13040): bidirectional pin "GPIO[17]" has no driver File: D:/4bit_Microprocessor_FPGA/DE1_SOC/de1_soc.v Line: 62
    Warning (13040): bidirectional pin "GPIO[18]" has no driver File: D:/4bit_Microprocessor_FPGA/DE1_SOC/de1_soc.v Line: 62
    Warning (13040): bidirectional pin "GPIO[19]" has no driver File: D:/4bit_Microprocessor_FPGA/DE1_SOC/de1_soc.v Line: 62
    Warning (13040): bidirectional pin "GPIO[20]" has no driver File: D:/4bit_Microprocessor_FPGA/DE1_SOC/de1_soc.v Line: 62
    Warning (13040): bidirectional pin "GPIO[21]" has no driver File: D:/4bit_Microprocessor_FPGA/DE1_SOC/de1_soc.v Line: 62
    Warning (13040): bidirectional pin "GPIO[22]" has no driver File: D:/4bit_Microprocessor_FPGA/DE1_SOC/de1_soc.v Line: 62
    Warning (13040): bidirectional pin "GPIO[23]" has no driver File: D:/4bit_Microprocessor_FPGA/DE1_SOC/de1_soc.v Line: 62
    Warning (13040): bidirectional pin "GPIO[24]" has no driver File: D:/4bit_Microprocessor_FPGA/DE1_SOC/de1_soc.v Line: 62
    Warning (13040): bidirectional pin "GPIO[25]" has no driver File: D:/4bit_Microprocessor_FPGA/DE1_SOC/de1_soc.v Line: 62
    Warning (13040): bidirectional pin "GPIO[26]" has no driver File: D:/4bit_Microprocessor_FPGA/DE1_SOC/de1_soc.v Line: 62
    Warning (13040): bidirectional pin "GPIO[27]" has no driver File: D:/4bit_Microprocessor_FPGA/DE1_SOC/de1_soc.v Line: 62
    Warning (13040): bidirectional pin "GPIO[28]" has no driver File: D:/4bit_Microprocessor_FPGA/DE1_SOC/de1_soc.v Line: 62
    Warning (13040): bidirectional pin "GPIO[29]" has no driver File: D:/4bit_Microprocessor_FPGA/DE1_SOC/de1_soc.v Line: 62
    Warning (13040): bidirectional pin "GPIO[30]" has no driver File: D:/4bit_Microprocessor_FPGA/DE1_SOC/de1_soc.v Line: 62
    Warning (13040): bidirectional pin "GPIO[31]" has no driver File: D:/4bit_Microprocessor_FPGA/DE1_SOC/de1_soc.v Line: 62
    Warning (13040): bidirectional pin "GPIO[32]" has no driver File: D:/4bit_Microprocessor_FPGA/DE1_SOC/de1_soc.v Line: 62
    Warning (13040): bidirectional pin "GPIO[33]" has no driver File: D:/4bit_Microprocessor_FPGA/DE1_SOC/de1_soc.v Line: 62
    Warning (13040): bidirectional pin "GPIO[34]" has no driver File: D:/4bit_Microprocessor_FPGA/DE1_SOC/de1_soc.v Line: 62
    Warning (13040): bidirectional pin "GPIO[35]" has no driver File: D:/4bit_Microprocessor_FPGA/DE1_SOC/de1_soc.v Line: 62
Warning (13024): Output pins are stuck at VCC or GND
    Warning (13410): Pin "ADC_CONVST" is stuck at GND File: D:/4bit_Microprocessor_FPGA/DE1_SOC/de1_soc.v Line: 9
    Warning (13410): Pin "ADC_DIN" is stuck at GND File: D:/4bit_Microprocessor_FPGA/DE1_SOC/de1_soc.v Line: 10
    Warning (13410): Pin "ADC_SCLK" is stuck at GND File: D:/4bit_Microprocessor_FPGA/DE1_SOC/de1_soc.v Line: 12
    Warning (13410): Pin "DRAM_ADDR[0]" is stuck at GND File: D:/4bit_Microprocessor_FPGA/DE1_SOC/de1_soc.v Line: 21
    Warning (13410): Pin "DRAM_ADDR[1]" is stuck at GND File: D:/4bit_Microprocessor_FPGA/DE1_SOC/de1_soc.v Line: 21
    Warning (13410): Pin "DRAM_ADDR[2]" is stuck at GND File: D:/4bit_Microprocessor_FPGA/DE1_SOC/de1_soc.v Line: 21
    Warning (13410): Pin "DRAM_ADDR[3]" is stuck at GND File: D:/4bit_Microprocessor_FPGA/DE1_SOC/de1_soc.v Line: 21
    Warning (13410): Pin "DRAM_ADDR[4]" is stuck at GND File: D:/4bit_Microprocessor_FPGA/DE1_SOC/de1_soc.v Line: 21
    Warning (13410): Pin "DRAM_ADDR[5]" is stuck at GND File: D:/4bit_Microprocessor_FPGA/DE1_SOC/de1_soc.v Line: 21
    Warning (13410): Pin "DRAM_ADDR[6]" is stuck at GND File: D:/4bit_Microprocessor_FPGA/DE1_SOC/de1_soc.v Line: 21
    Warning (13410): Pin "DRAM_ADDR[7]" is stuck at GND File: D:/4bit_Microprocessor_FPGA/DE1_SOC/de1_soc.v Line: 21
    Warning (13410): Pin "DRAM_ADDR[8]" is stuck at GND File: D:/4bit_Microprocessor_FPGA/DE1_SOC/de1_soc.v Line: 21
    Warning (13410): Pin "DRAM_ADDR[9]" is stuck at GND File: D:/4bit_Microprocessor_FPGA/DE1_SOC/de1_soc.v Line: 21
    Warning (13410): Pin "DRAM_ADDR[10]" is stuck at GND File: D:/4bit_Microprocessor_FPGA/DE1_SOC/de1_soc.v Line: 21
    Warning (13410): Pin "DRAM_ADDR[11]" is stuck at GND File: D:/4bit_Microprocessor_FPGA/DE1_SOC/de1_soc.v Line: 21
    Warning (13410): Pin "DRAM_ADDR[12]" is stuck at GND File: D:/4bit_Microprocessor_FPGA/DE1_SOC/de1_soc.v Line: 21
    Warning (13410): Pin "DRAM_BA[0]" is stuck at GND File: D:/4bit_Microprocessor_FPGA/DE1_SOC/de1_soc.v Line: 22
    Warning (13410): Pin "DRAM_BA[1]" is stuck at GND File: D:/4bit_Microprocessor_FPGA/DE1_SOC/de1_soc.v Line: 22
    Warning (13410): Pin "DRAM_CAS_N" is stuck at GND File: D:/4bit_Microprocessor_FPGA/DE1_SOC/de1_soc.v Line: 23
    Warning (13410): Pin "DRAM_CKE" is stuck at GND File: D:/4bit_Microprocessor_FPGA/DE1_SOC/de1_soc.v Line: 24
    Warning (13410): Pin "DRAM_CLK" is stuck at GND File: D:/4bit_Microprocessor_FPGA/DE1_SOC/de1_soc.v Line: 25
    Warning (13410): Pin "DRAM_CS_N" is stuck at GND File: D:/4bit_Microprocessor_FPGA/DE1_SOC/de1_soc.v Line: 26
    Warning (13410): Pin "DRAM_LDQM" is stuck at GND File: D:/4bit_Microprocessor_FPGA/DE1_SOC/de1_soc.v Line: 28
    Warning (13410): Pin "DRAM_RAS_N" is stuck at GND File: D:/4bit_Microprocessor_FPGA/DE1_SOC/de1_soc.v Line: 29
    Warning (13410): Pin "DRAM_UDQM" is stuck at GND File: D:/4bit_Microprocessor_FPGA/DE1_SOC/de1_soc.v Line: 30
    Warning (13410): Pin "DRAM_WE_N" is stuck at GND File: D:/4bit_Microprocessor_FPGA/DE1_SOC/de1_soc.v Line: 31
    Warning (13410): Pin "HEX0[0]" is stuck at VCC File: D:/4bit_Microprocessor_FPGA/DE1_SOC/de1_soc.v Line: 34
    Warning (13410): Pin "HEX0[1]" is stuck at VCC File: D:/4bit_Microprocessor_FPGA/DE1_SOC/de1_soc.v Line: 34
    Warning (13410): Pin "HEX0[2]" is stuck at VCC File: D:/4bit_Microprocessor_FPGA/DE1_SOC/de1_soc.v Line: 34
    Warning (13410): Pin "HEX0[3]" is stuck at VCC File: D:/4bit_Microprocessor_FPGA/DE1_SOC/de1_soc.v Line: 34
    Warning (13410): Pin "HEX0[4]" is stuck at VCC File: D:/4bit_Microprocessor_FPGA/DE1_SOC/de1_soc.v Line: 34
    Warning (13410): Pin "HEX0[5]" is stuck at VCC File: D:/4bit_Microprocessor_FPGA/DE1_SOC/de1_soc.v Line: 34
    Warning (13410): Pin "HEX0[6]" is stuck at VCC File: D:/4bit_Microprocessor_FPGA/DE1_SOC/de1_soc.v Line: 34
    Warning (13410): Pin "HEX1[0]" is stuck at VCC File: D:/4bit_Microprocessor_FPGA/DE1_SOC/de1_soc.v Line: 35
    Warning (13410): Pin "HEX1[1]" is stuck at VCC File: D:/4bit_Microprocessor_FPGA/DE1_SOC/de1_soc.v Line: 35
    Warning (13410): Pin "HEX1[2]" is stuck at VCC File: D:/4bit_Microprocessor_FPGA/DE1_SOC/de1_soc.v Line: 35
    Warning (13410): Pin "HEX1[3]" is stuck at VCC File: D:/4bit_Microprocessor_FPGA/DE1_SOC/de1_soc.v Line: 35
    Warning (13410): Pin "HEX1[4]" is stuck at VCC File: D:/4bit_Microprocessor_FPGA/DE1_SOC/de1_soc.v Line: 35
    Warning (13410): Pin "HEX1[5]" is stuck at VCC File: D:/4bit_Microprocessor_FPGA/DE1_SOC/de1_soc.v Line: 35
    Warning (13410): Pin "HEX1[6]" is stuck at VCC File: D:/4bit_Microprocessor_FPGA/DE1_SOC/de1_soc.v Line: 35
    Warning (13410): Pin "HEX2[0]" is stuck at VCC File: D:/4bit_Microprocessor_FPGA/DE1_SOC/de1_soc.v Line: 36
    Warning (13410): Pin "HEX2[1]" is stuck at VCC File: D:/4bit_Microprocessor_FPGA/DE1_SOC/de1_soc.v Line: 36
    Warning (13410): Pin "HEX2[2]" is stuck at VCC File: D:/4bit_Microprocessor_FPGA/DE1_SOC/de1_soc.v Line: 36
    Warning (13410): Pin "HEX2[3]" is stuck at VCC File: D:/4bit_Microprocessor_FPGA/DE1_SOC/de1_soc.v Line: 36
    Warning (13410): Pin "HEX2[4]" is stuck at VCC File: D:/4bit_Microprocessor_FPGA/DE1_SOC/de1_soc.v Line: 36
    Warning (13410): Pin "HEX2[5]" is stuck at VCC File: D:/4bit_Microprocessor_FPGA/DE1_SOC/de1_soc.v Line: 36
    Warning (13410): Pin "HEX2[6]" is stuck at VCC File: D:/4bit_Microprocessor_FPGA/DE1_SOC/de1_soc.v Line: 36
    Warning (13410): Pin "HEX4[0]" is stuck at VCC File: D:/4bit_Microprocessor_FPGA/DE1_SOC/de1_soc.v Line: 38
    Warning (13410): Pin "HEX4[1]" is stuck at VCC File: D:/4bit_Microprocessor_FPGA/DE1_SOC/de1_soc.v Line: 38
    Warning (13410): Pin "HEX4[2]" is stuck at VCC File: D:/4bit_Microprocessor_FPGA/DE1_SOC/de1_soc.v Line: 38
    Warning (13410): Pin "HEX4[3]" is stuck at VCC File: D:/4bit_Microprocessor_FPGA/DE1_SOC/de1_soc.v Line: 38
    Warning (13410): Pin "HEX4[4]" is stuck at VCC File: D:/4bit_Microprocessor_FPGA/DE1_SOC/de1_soc.v Line: 38
    Warning (13410): Pin "HEX4[5]" is stuck at VCC File: D:/4bit_Microprocessor_FPGA/DE1_SOC/de1_soc.v Line: 38
    Warning (13410): Pin "HEX4[6]" is stuck at VCC File: D:/4bit_Microprocessor_FPGA/DE1_SOC/de1_soc.v Line: 38
    Warning (13410): Pin "IRDA_TXD" is stuck at GND File: D:/4bit_Microprocessor_FPGA/DE1_SOC/de1_soc.v Line: 43
    Warning (13410): Pin "LEDR[5]" is stuck at GND File: D:/4bit_Microprocessor_FPGA/DE1_SOC/de1_soc.v Line: 49
Info (286030): Timing-Driven Synthesis is running
Info (16010): Generating hard_block partition "hard_block:auto_generated_inst"
    Info (16011): Adding 0 node(s), including 0 DDIO, 0 PLL, 0 transceiver and 0 LCELL
Warning (21074): Design contains 11 input pin(s) that do not drive logic
    Warning (15610): No output dependent on input pin "ADC_DOUT" File: D:/4bit_Microprocessor_FPGA/DE1_SOC/de1_soc.v Line: 11
    Warning (15610): No output dependent on input pin "CLOCK2_50" File: D:/4bit_Microprocessor_FPGA/DE1_SOC/de1_soc.v Line: 15
    Warning (15610): No output dependent on input pin "CLOCK3_50" File: D:/4bit_Microprocessor_FPGA/DE1_SOC/de1_soc.v Line: 16
    Warning (15610): No output dependent on input pin "CLOCK4_50" File: D:/4bit_Microprocessor_FPGA/DE1_SOC/de1_soc.v Line: 17
    Warning (15610): No output dependent on input pin "CLOCK_50" File: D:/4bit_Microprocessor_FPGA/DE1_SOC/de1_soc.v Line: 18
    Warning (15610): No output dependent on input pin "IRDA_RXD" File: D:/4bit_Microprocessor_FPGA/DE1_SOC/de1_soc.v Line: 42
    Warning (15610): No output dependent on input pin "KEY[0]" File: D:/4bit_Microprocessor_FPGA/DE1_SOC/de1_soc.v Line: 46
    Warning (15610): No output dependent on input pin "KEY[1]" File: D:/4bit_Microprocessor_FPGA/DE1_SOC/de1_soc.v Line: 46
    Warning (15610): No output dependent on input pin "KEY[2]" File: D:/4bit_Microprocessor_FPGA/DE1_SOC/de1_soc.v Line: 46
    Warning (15610): No output dependent on input pin "KEY[3]" File: D:/4bit_Microprocessor_FPGA/DE1_SOC/de1_soc.v Line: 46
    Warning (15610): No output dependent on input pin "SW[8]" File: D:/4bit_Microprocessor_FPGA/DE1_SOC/de1_soc.v Line: 58
Info (21057): Implemented 179 device resources after synthesis - the final resource count might be different
    Info (21058): Implemented 20 input pins
    Info (21059): Implemented 79 output pins
    Info (21060): Implemented 56 bidirectional pins
    Info (21061): Implemented 24 logic cells
Info: Quartus Prime Analysis & Synthesis was successful. 0 errors, 147 warnings
    Info: Peak virtual memory: 4826 megabytes
    Info: Processing ended: Fri Mar  3 00:25:55 2023
    Info: Elapsed time: 00:00:10
    Info: Total CPU time (on all processors): 00:00:21


